17:02:16 **** Auto Build of configuration Debug for project dma.test.sample ****
make all 
'Building file: ../src/dma_test.c'
'Invoking: ARM Linux gcc compiler'
arm-xilinx-linux-gnueabi-gcc -Wall -O0 -g3 -I"D:\sjts_flame_monitoring\source\vision.board.flame.monitoring\video_diagnosis.sdk\dma.test.sample\src" -c -fmessage-length=0 -MT"src/dma_test.o" -MMD -MP -MF"src/dma_test.d" -MT"src/dma_test.d" -o "src/dma_test.o" "../src/dma_test.c"
In file included from d:\software\xilinx\install\sdk\2015.4\gnu\arm\nt\arm-xilinx-linux-gnueabi\libc\usr\include\assert.h:35:0,
                 from ../src/dma_test.c:4:
d:\software\xilinx\install\sdk\2015.4\gnu\arm\nt\arm-xilinx-linux-gnueabi\libc\usr\include\features.h:148:3: warning: #warning "_BSD_SOURCE and _SVID_SOURCE are deprecated, use _DEFAULT_SOURCE" [-Wcpp]
 # warning "_BSD_SOURCE and _SVID_SOURCE are deprecated, use _DEFAULT_SOURCE"
   ^
../src/dma_test.c: In function 'read_netlink_init':
../src/dma_test.c:73:9: warning: unused variable 'ret' [-Wunused-variable]
     int ret, skfd;
         ^
../src/dma_test.c: In function 'dmac_addr_mmap':
../src/dma_test.c:184:5: warning: format '%x' expects argument of type 'unsigned int', but argument 3 has type 'unsigned char *' [-Wformat=]
     printf("mmap dma_base_addr[0x%08x] to [0x%08x] successfully!\n",\
     ^
../src/dma_test.c:201:9: warning: format '%x' expects argument of type 'unsigned int', but argument 3 has type 'unsigned char *' [-Wformat=]
         printf("mmap ps_ddr_addr[0x%08x] to [0x%08x] successfully!\n", \
         ^
../src/dma_test.c:205:35: warning: assignment makes pointer from integer without a cast
         g_ps_ddr_virtual_baseaddr = dma_alloc_info.msg.virt_addr;
                                   ^
../src/dma_test.c:207:9: warning: format '%x' expects argument of type 'unsigned int', but argument 2 has type 'long unsigned int' [-Wformat=]
         printf("dma alloc phy [0x%08x] to virt [0x%08x] successfully!\n", \
         ^
../src/dma_test.c:207:9: warning: format '%x' expects argument of type 'unsigned int', but argument 3 has type 'unsigned char *' [-Wformat=]
../src/dma_test.c:227:5: warning: format '%x' expects argument of type 'unsigned int', but argument 3 has type 'unsigned char *' [-Wformat=]
     printf("mmap pl_ddr_addr[0x%08x] to [0x%08x] successfully!\n", \
     ^
../src/dma_test.c: In function 'main':
../src/dma_test.c:311:14: warning: unused variable 'i' [-Wunused-variable]
     int ret, i;
              ^
'Finished building: ../src/dma_test.c'
' '
'Building target: dma.test.sample.elf'
'Invoking: ARM Linux gcc linker'
arm-xilinx-linux-gnueabi-gcc  -o "dma.test.sample.elf"  ./src/dma_test.o   -lpthread -lrt -lm
'Finished building target: dma.test.sample.elf'
' '
'Invoking: ARM Linux Print Size'
arm-xilinx-linux-gnueabi-size dma.test.sample.elf  |tee "dma.test.sample.elf.size"
   text	   data	    bss	    dec	    hex	filename
   5617	    368	    112	   6097	   17d1	dma.test.sample.elf
'Finished building: dma.test.sample.elf.size'
' '

17:02:19 Build Finished (took 2s.795ms)

