15:07:28 **** Clean-only build of configuration Debug for project FlowDetect ****
make clean 
rm -rf  ./src/thread_module/fpga_cmd_scar_module.o ./src/thread_module/fpga_cvt_crack_module.o ./src/thread_module/fpga_cvt_module.o ./src/thread_module/fpga_cvt_scar_module.o  ./src/thread/thread_dma_cpy.o ./src/thread/thread_fpga_cvt.o ./src/thread/thread_mem_cpy.o ./src/thread/thread_work_ctrl.o ./src/thread/thread_work_img_trans.o ./src/thread/thread_work_img_trans_inner.o  ./src/task/task_circle.o ./src/task/task_cmd.o ./src/task/task_work_flow.o  ./src/sync/sem_sync.o ./src/sync/sync_fpga_cvt_circle.o ./src/sync/sync_global.o ./src/sync/sync_img_msg_q.o ./src/sync/sync_pl_mem_4_8_lock.o ./src/sync/sync_ps_mem_0_4_lock.o ./src/sync/sync_task.o  ./src/msg_queue/msg_queue.o ./src/msg_queue/msg_sysV_queue.o  ./src/modules_up/png_up.o  ./src/modules_ex/base.o ./src/modules_ex/cmd_crack1_8.o ./src/modules_ex/cmd_file.o ./src/modules_ex/cmd_scar.o ./src/modules_ex/fs_base.o ./src/modules_ex/opencv_base.o ./src/modules_ex/tcp_server.o ./src/modules_ex/type.o  ./src/modules_58/cetc_flash.o ./src/modules_58/life_cycle.o ./src/modules_58/timer.o  ./src/modules/uCOS/cpu.o ./src/modules/uCOS/critical_section.o ./src/modules/uCOS/mem_pool_fixed.o ./src/modules/uCOS/os_mem.o  ./src/modules/printf_log/printf_log.o  ./src/modules/lodepng/lodepng.o  ./src/modules/cJSON/cJSON.o ./src/modules/cJSON/cJSON_Utils.o  ./src/module_zynq7000_hi3516/axi_base.o ./src/module_zynq7000_hi3516/axi_fpga_ctrl.o ./src/module_zynq7000_hi3516/axi_fpga_ctrl_img.o ./src/module_zynq7000_hi3516/axi_fpga_ctrl_img_scar.o ./src/module_zynq7000_hi3516/def_hw_zynq7000_hi3516.o ./src/module_zynq7000_hi3516/def_hw_zynq7000_hi3516_PL_MEM.o ./src/module_zynq7000_hi3516/def_hw_zynq7000_hi3516_axi.o ./src/module_zynq7000_hi3516/def_hw_zynq7000_hi3516_axi_scar.o ./src/module_zynq7000_hi3516/def_hw_zynq7000_hi3516_dmac.o ./src/module_zynq7000_hi3516/def_img_space_scar.o ./src/module_zynq7000_hi3516/dma_83c0.o ./src/module_zynq7000_hi3516/dma_83c0_ex.o ./src/module_zynq7000_hi3516/dma_83c1.o ./src/module_zynq7000_hi3516/dma_83c1_ex.o ./src/module_zynq7000_hi3516/dma_83c4.o ./src/module_zynq7000_hi3516/dma_83c4_ex.o ./src/module_zynq7000_hi3516/dma_hw_base.o ./src/module_zynq7000_hi3516/mem_pl.o  ./src/linux_cfg/linux_cfg.o  ./src/img_cfg/img_cfg.o ./src/img_cfg/img_cfg_scar.o ./src/img_cfg/img_mask_cfg.o ./src/img_cfg/scar_cfg.o  ./src/hw_module_base/axi_api.o  ./src/fpga_second/fpga_second.o  ./src/fpga_first/fpga_first.o  ./src/fpga_base/fpga_base.o  ./src/cfg.o ./src/flame_monitor.o ./src/init_destory.o ./src/main.o ./src/status.o  ./src/thread_module/fpga_cmd_scar_module.d ./src/thread_module/fpga_cvt_crack_module.d ./src/thread_module/fpga_cvt_module.d ./src/thread_module/fpga_cvt_scar_module.d  ./src/thread/thread_dma_cpy.d ./src/thread/thread_fpga_cvt.d ./src/thread/thread_mem_cpy.d ./src/thread/thread_work_ctrl.d ./src/thread/thread_work_img_trans.d ./src/thread/thread_work_img_trans_inner.d  ./src/task/task_circle.d ./src/task/task_cmd.d ./src/task/task_work_flow.d  ./src/sync/sem_sync.d ./src/sync/sync_fpga_cvt_circle.d ./src/sync/sync_global.d ./src/sync/sync_img_msg_q.d ./src/sync/sync_pl_mem_4_8_lock.d ./src/sync/sync_ps_mem_0_4_lock.d ./src/sync/sync_task.d  ./src/msg_queue/msg_queue.d ./src/msg_queue/msg_sysV_queue.d  ./src/modules_up/png_up.d  ./src/modules_ex/base.d ./src/modules_ex/cmd_crack1_8.d ./src/modules_ex/cmd_file.d ./src/modules_ex/cmd_scar.d ./src/modules_ex/fs_base.d ./src/modules_ex/opencv_base.d ./src/modules_ex/tcp_server.d ./src/modules_ex/type.d  ./src/modules_58/cetc_flash.d ./src/modules_58/life_cycle.d ./src/modules_58/timer.d  ./src/modules/uCOS/cpu.d ./src/modules/uCOS/critical_section.d ./src/modules/uCOS/mem_pool_fixed.d ./src/modules/uCOS/os_mem.d  ./src/modules/printf_log/printf_log.d  ./src/modules/lodepng/lodepng.d  ./src/modules/cJSON/cJSON.d ./src/modules/cJSON/cJSON_Utils.d  ./src/module_zynq7000_hi3516/axi_base.d ./src/module_zynq7000_hi3516/axi_fpga_ctrl.d ./src/module_zynq7000_hi3516/axi_fpga_ctrl_img.d ./src/module_zynq7000_hi3516/axi_fpga_ctrl_img_scar.d ./src/module_zynq7000_hi3516/def_hw_zynq7000_hi3516.d ./src/module_zynq7000_hi3516/def_hw_zynq7000_hi3516_PL_MEM.d ./src/module_zynq7000_hi3516/def_hw_zynq7000_hi3516_axi.d ./src/module_zynq7000_hi3516/def_hw_zynq7000_hi3516_axi_scar.d ./src/module_zynq7000_hi3516/def_hw_zynq7000_hi3516_dmac.d ./src/module_zynq7000_hi3516/def_img_space_scar.d ./src/module_zynq7000_hi3516/dma_83c0.d ./src/module_zynq7000_hi3516/dma_83c0_ex.d ./src/module_zynq7000_hi3516/dma_83c1.d ./src/module_zynq7000_hi3516/dma_83c1_ex.d ./src/module_zynq7000_hi3516/dma_83c4.d ./src/module_zynq7000_hi3516/dma_83c4_ex.d ./src/module_zynq7000_hi3516/dma_hw_base.d ./src/module_zynq7000_hi3516/mem_pl.d  ./src/linux_cfg/linux_cfg.d  ./src/img_cfg/img_cfg.d ./src/img_cfg/img_cfg_scar.d ./src/img_cfg/img_mask_cfg.d ./src/img_cfg/scar_cfg.d  ./src/hw_module_base/axi_api.d  ./src/fpga_second/fpga_second.d  ./src/fpga_first/fpga_first.d  ./src/fpga_base/fpga_base.d  ./src/cfg.d ./src/flame_monitor.d ./src/init_destory.d ./src/main.d ./src/status.d  FlowDetect.elf.size  FlowDetect.elf
' '
15:07:29 **** Build of configuration Debug for project FlowDetect ****
make all 
'Building file: ../src/thread_module/fpga_cmd_scar_module.c'
'Invoking: ARM Linux gcc compiler'
arm-xilinx-linux-gnueabi-g++ -D_DEBUG -Wall -O0 -g3 -I"V:\opencv_3.3.0.arm.linux\include" -I"D:\sjts_flame_monitoring\source\vision.board.flame.monitoring\video_diagnosis.sdk\FlowDetect\src" -I"D:\sjts_flame_monitoring\source\vision.board.flame.monitoring\video_diagnosis.sdk\FlowDetect\src\modules\uCOS" -c -fmessage-length=0 -MT"src/thread_module/fpga_cmd_scar_module.o" -MMD -MP -MF"src/thread_module/fpga_cmd_scar_module.d" -MT"src/thread_module/fpga_cmd_scar_module.d" -o "src/thread_module/fpga_cmd_scar_module.o" "../src/thread_module/fpga_cmd_scar_module.c"
'Finished building: ../src/thread_module/fpga_cmd_scar_module.c'
' '
'Building file: ../src/thread_module/fpga_cvt_crack_module.c'
'Invoking: ARM Linux gcc compiler'
arm-xilinx-linux-gnueabi-g++ -D_DEBUG -Wall -O0 -g3 -I"V:\opencv_3.3.0.arm.linux\include" -I"D:\sjts_flame_monitoring\source\vision.board.flame.monitoring\video_diagnosis.sdk\FlowDetect\src" -I"D:\sjts_flame_monitoring\source\vision.board.flame.monitoring\video_diagnosis.sdk\FlowDetect\src\modules\uCOS" -c -fmessage-length=0 -MT"src/thread_module/fpga_cvt_crack_module.o" -MMD -MP -MF"src/thread_module/fpga_cvt_crack_module.d" -MT"src/thread_module/fpga_cvt_crack_module.d" -o "src/thread_module/fpga_cvt_crack_module.o" "../src/thread_module/fpga_cvt_crack_module.c"
'Finished building: ../src/thread_module/fpga_cvt_crack_module.c'
' '
'Building file: ../src/thread_module/fpga_cvt_module.c'
'Invoking: ARM Linux gcc compiler'
arm-xilinx-linux-gnueabi-g++ -D_DEBUG -Wall -O0 -g3 -I"V:\opencv_3.3.0.arm.linux\include" -I"D:\sjts_flame_monitoring\source\vision.board.flame.monitoring\video_diagnosis.sdk\FlowDetect\src" -I"D:\sjts_flame_monitoring\source\vision.board.flame.monitoring\video_diagnosis.sdk\FlowDetect\src\modules\uCOS" -c -fmessage-length=0 -MT"src/thread_module/fpga_cvt_module.o" -MMD -MP -MF"src/thread_module/fpga_cvt_module.d" -MT"src/thread_module/fpga_cvt_module.d" -o "src/thread_module/fpga_cvt_module.o" "../src/thread_module/fpga_cvt_module.c"
'Finished building: ../src/thread_module/fpga_cvt_module.c'
' '
'Building file: ../src/thread_module/fpga_cvt_scar_module.c'
'Invoking: ARM Linux gcc compiler'
arm-xilinx-linux-gnueabi-g++ -D_DEBUG -Wall -O0 -g3 -I"V:\opencv_3.3.0.arm.linux\include" -I"D:\sjts_flame_monitoring\source\vision.board.flame.monitoring\video_diagnosis.sdk\FlowDetect\src" -I"D:\sjts_flame_monitoring\source\vision.board.flame.monitoring\video_diagnosis.sdk\FlowDetect\src\modules\uCOS" -c -fmessage-length=0 -MT"src/thread_module/fpga_cvt_scar_module.o" -MMD -MP -MF"src/thread_module/fpga_cvt_scar_module.d" -MT"src/thread_module/fpga_cvt_scar_module.d" -o "src/thread_module/fpga_cvt_scar_module.o" "../src/thread_module/fpga_cvt_scar_module.c"
'Finished building: ../src/thread_module/fpga_cvt_scar_module.c'
' '
'Building file: ../src/thread/thread_dma_cpy.c'
'Invoking: ARM Linux gcc compiler'
arm-xilinx-linux-gnueabi-g++ -D_DEBUG -Wall -O0 -g3 -I"V:\opencv_3.3.0.arm.linux\include" -I"D:\sjts_flame_monitoring\source\vision.board.flame.monitoring\video_diagnosis.sdk\FlowDetect\src" -I"D:\sjts_flame_monitoring\source\vision.board.flame.monitoring\video_diagnosis.sdk\FlowDetect\src\modules\uCOS" -c -fmessage-length=0 -MT"src/thread/thread_dma_cpy.o" -MMD -MP -MF"src/thread/thread_dma_cpy.d" -MT"src/thread/thread_dma_cpy.d" -o "src/thread/thread_dma_cpy.o" "../src/thread/thread_dma_cpy.c"
../src/thread/thread_dma_cpy.c: In function 'void* dma_work_server(void*)':
../src/thread/thread_dma_cpy.c:21:6: warning: unused variable 'chi' [-Wunused-variable]
  int chi=0;
      ^
../src/thread/thread_dma_cpy.c:64:1: warning: no return statement in function returning non-void [-Wreturn-type]
 }
 ^
'Finished building: ../src/thread/thread_dma_cpy.c'
' '
'Building file: ../src/thread/thread_fpga_cvt.c'
'Invoking: ARM Linux gcc compiler'
arm-xilinx-linux-gnueabi-g++ -D_DEBUG -Wall -O0 -g3 -I"V:\opencv_3.3.0.arm.linux\include" -I"D:\sjts_flame_monitoring\source\vision.board.flame.monitoring\video_diagnosis.sdk\FlowDetect\src" -I"D:\sjts_flame_monitoring\source\vision.board.flame.monitoring\video_diagnosis.sdk\FlowDetect\src\modules\uCOS" -c -fmessage-length=0 -MT"src/thread/thread_fpga_cvt.o" -MMD -MP -MF"src/thread/thread_fpga_cvt.d" -MT"src/thread/thread_fpga_cvt.d" -o "src/thread/thread_fpga_cvt.o" "../src/thread/thread_fpga_cvt.c"
../src/thread/thread_fpga_cvt.c: In function 'void* fpga_cvt_server(void*)':
../src/thread/thread_fpga_cvt.c:51:1: warning: no return statement in function returning non-void [-Wreturn-type]
 }
 ^
'Finished building: ../src/thread/thread_fpga_cvt.c'
' '
'Building file: ../src/thread/thread_mem_cpy.c'
'Invoking: ARM Linux gcc compiler'
arm-xilinx-linux-gnueabi-g++ -D_DEBUG -Wall -O0 -g3 -I"V:\opencv_3.3.0.arm.linux\include" -I"D:\sjts_flame_monitoring\source\vision.board.flame.monitoring\video_diagnosis.sdk\FlowDetect\src" -I"D:\sjts_flame_monitoring\source\vision.board.flame.monitoring\video_diagnosis.sdk\FlowDetect\src\modules\uCOS" -c -fmessage-length=0 -MT"src/thread/thread_mem_cpy.o" -MMD -MP -MF"src/thread/thread_mem_cpy.d" -MT"src/thread/thread_mem_cpy.d" -o "src/thread/thread_mem_cpy.o" "../src/thread/thread_mem_cpy.c"
../src/thread/thread_mem_cpy.c: In function 'void* memcpy_work_server(void*)':
../src/thread/thread_mem_cpy.c:55:25: warning: unused variable 'ViewOutputNum' [-Wunused-variable]
               const int ViewOutputNum=img_space_frame_output_num();
                         ^
'Finished building: ../src/thread/thread_mem_cpy.c'
' '
'Building file: ../src/thread/thread_work_ctrl.c'
'Invoking: ARM Linux gcc compiler'
arm-xilinx-linux-gnueabi-g++ -D_DEBUG -Wall -O0 -g3 -I"V:\opencv_3.3.0.arm.linux\include" -I"D:\sjts_flame_monitoring\source\vision.board.flame.monitoring\video_diagnosis.sdk\FlowDetect\src" -I"D:\sjts_flame_monitoring\source\vision.board.flame.monitoring\video_diagnosis.sdk\FlowDetect\src\modules\uCOS" -c -fmessage-length=0 -MT"src/thread/thread_work_ctrl.o" -MMD -MP -MF"src/thread/thread_work_ctrl.d" -MT"src/thread/thread_work_ctrl.d" -o "src/thread/thread_work_ctrl.o" "../src/thread/thread_work_ctrl.c"
'Finished building: ../src/thread/thread_work_ctrl.c'
' '
'Building file: ../src/thread/thread_work_img_trans.c'
'Invoking: ARM Linux gcc compiler'
arm-xilinx-linux-gnueabi-g++ -D_DEBUG -Wall -O0 -g3 -I"V:\opencv_3.3.0.arm.linux\include" -I"D:\sjts_flame_monitoring\source\vision.board.flame.monitoring\video_diagnosis.sdk\FlowDetect\src" -I"D:\sjts_flame_monitoring\source\vision.board.flame.monitoring\video_diagnosis.sdk\FlowDetect\src\modules\uCOS" -c -fmessage-length=0 -MT"src/thread/thread_work_img_trans.o" -MMD -MP -MF"src/thread/thread_work_img_trans.d" -MT"src/thread/thread_work_img_trans.d" -o "src/thread/thread_work_img_trans.o" "../src/thread/thread_work_img_trans.c"
../src/thread/thread_work_img_trans.c: In function 'int SendHeartbeatCmd_Ex(int, int*, int, int, const char*)':
../src/thread/thread_work_img_trans.c:27:1: warning: no return statement in function returning non-void [-Wreturn-type]
 }
 ^
../src/thread/thread_work_img_trans.c: In function 'void* tcp_data_transfer_image(void*)':
../src/thread/thread_work_img_trans.c:115:1: warning: no return statement in function returning non-void [-Wreturn-type]
 }
 ^
'Finished building: ../src/thread/thread_work_img_trans.c'
' '
'Building file: ../src/thread/thread_work_img_trans_inner.c'
'Invoking: ARM Linux gcc compiler'
arm-xilinx-linux-gnueabi-g++ -D_DEBUG -Wall -O0 -g3 -I"V:\opencv_3.3.0.arm.linux\include" -I"D:\sjts_flame_monitoring\source\vision.board.flame.monitoring\video_diagnosis.sdk\FlowDetect\src" -I"D:\sjts_flame_monitoring\source\vision.board.flame.monitoring\video_diagnosis.sdk\FlowDetect\src\modules\uCOS" -c -fmessage-length=0 -MT"src/thread/thread_work_img_trans_inner.o" -MMD -MP -MF"src/thread/thread_work_img_trans_inner.d" -MT"src/thread/thread_work_img_trans_inner.d" -o "src/thread/thread_work_img_trans_inner.o" "../src/thread/thread_work_img_trans_inner.c"
../src/thread/thread_work_img_trans_inner.c: In function 'void* inner_transfer_image(void*)':
../src/thread/thread_work_img_trans_inner.c:25:17: warning: unused variable 'imgcv' [-Wunused-variable]
       IplImage* imgcv=GetIplImage(img_data);
                 ^
'Finished building: ../src/thread/thread_work_img_trans_inner.c'
' '
'Building file: ../src/task/task_circle.c'
'Invoking: ARM Linux gcc compiler'
arm-xilinx-linux-gnueabi-g++ -D_DEBUG -Wall -O0 -g3 -I"V:\opencv_3.3.0.arm.linux\include" -I"D:\sjts_flame_monitoring\source\vision.board.flame.monitoring\video_diagnosis.sdk\FlowDetect\src" -I"D:\sjts_flame_monitoring\source\vision.board.flame.monitoring\video_diagnosis.sdk\FlowDetect\src\modules\uCOS" -c -fmessage-length=0 -MT"src/task/task_circle.o" -MMD -MP -MF"src/task/task_circle.d" -MT"src/task/task_circle.d" -o "src/task/task_circle.o" "../src/task/task_circle.c"
'Finished building: ../src/task/task_circle.c'
' '
'Building file: ../src/task/task_cmd.c'
'Invoking: ARM Linux gcc compiler'
arm-xilinx-linux-gnueabi-g++ -D_DEBUG -Wall -O0 -g3 -I"V:\opencv_3.3.0.arm.linux\include" -I"D:\sjts_flame_monitoring\source\vision.board.flame.monitoring\video_diagnosis.sdk\FlowDetect\src" -I"D:\sjts_flame_monitoring\source\vision.board.flame.monitoring\video_diagnosis.sdk\FlowDetect\src\modules\uCOS" -c -fmessage-length=0 -MT"src/task/task_cmd.o" -MMD -MP -MF"src/task/task_cmd.d" -MT"src/task/task_cmd.d" -o "src/task/task_cmd.o" "../src/task/task_cmd.c"
'Finished building: ../src/task/task_cmd.c'
' '
'Building file: ../src/task/task_work_flow.c'
'Invoking: ARM Linux gcc compiler'
arm-xilinx-linux-gnueabi-g++ -D_DEBUG -Wall -O0 -g3 -I"V:\opencv_3.3.0.arm.linux\include" -I"D:\sjts_flame_monitoring\source\vision.board.flame.monitoring\video_diagnosis.sdk\FlowDetect\src" -I"D:\sjts_flame_monitoring\source\vision.board.flame.monitoring\video_diagnosis.sdk\FlowDetect\src\modules\uCOS" -c -fmessage-length=0 -MT"src/task/task_work_flow.o" -MMD -MP -MF"src/task/task_work_flow.d" -MT"src/task/task_work_flow.d" -o "src/task/task_work_flow.o" "../src/task/task_work_flow.c"
'Finished building: ../src/task/task_work_flow.c'
' '
'Building file: ../src/sync/sem_sync.c'
'Invoking: ARM Linux gcc compiler'
arm-xilinx-linux-gnueabi-g++ -D_DEBUG -Wall -O0 -g3 -I"V:\opencv_3.3.0.arm.linux\include" -I"D:\sjts_flame_monitoring\source\vision.board.flame.monitoring\video_diagnosis.sdk\FlowDetect\src" -I"D:\sjts_flame_monitoring\source\vision.board.flame.monitoring\video_diagnosis.sdk\FlowDetect\src\modules\uCOS" -c -fmessage-length=0 -MT"src/sync/sem_sync.o" -MMD -MP -MF"src/sync/sem_sync.d" -MT"src/sync/sem_sync.d" -o "src/sync/sem_sync.o" "../src/sync/sem_sync.c"
'Finished building: ../src/sync/sem_sync.c'
' '
'Building file: ../src/sync/sync_fpga_cvt_circle.c'
'Invoking: ARM Linux gcc compiler'
arm-xilinx-linux-gnueabi-g++ -D_DEBUG -Wall -O0 -g3 -I"V:\opencv_3.3.0.arm.linux\include" -I"D:\sjts_flame_monitoring\source\vision.board.flame.monitoring\video_diagnosis.sdk\FlowDetect\src" -I"D:\sjts_flame_monitoring\source\vision.board.flame.monitoring\video_diagnosis.sdk\FlowDetect\src\modules\uCOS" -c -fmessage-length=0 -MT"src/sync/sync_fpga_cvt_circle.o" -MMD -MP -MF"src/sync/sync_fpga_cvt_circle.d" -MT"src/sync/sync_fpga_cvt_circle.d" -o "src/sync/sync_fpga_cvt_circle.o" "../src/sync/sync_fpga_cvt_circle.c"
'Finished building: ../src/sync/sync_fpga_cvt_circle.c'
' '
'Building file: ../src/sync/sync_global.c'
'Invoking: ARM Linux gcc compiler'
arm-xilinx-linux-gnueabi-g++ -D_DEBUG -Wall -O0 -g3 -I"V:\opencv_3.3.0.arm.linux\include" -I"D:\sjts_flame_monitoring\source\vision.board.flame.monitoring\video_diagnosis.sdk\FlowDetect\src" -I"D:\sjts_flame_monitoring\source\vision.board.flame.monitoring\video_diagnosis.sdk\FlowDetect\src\modules\uCOS" -c -fmessage-length=0 -MT"src/sync/sync_global.o" -MMD -MP -MF"src/sync/sync_global.d" -MT"src/sync/sync_global.d" -o "src/sync/sync_global.o" "../src/sync/sync_global.c"
'Finished building: ../src/sync/sync_global.c'
' '
'Building file: ../src/sync/sync_img_msg_q.c'
'Invoking: ARM Linux gcc compiler'
arm-xilinx-linux-gnueabi-g++ -D_DEBUG -Wall -O0 -g3 -I"V:\opencv_3.3.0.arm.linux\include" -I"D:\sjts_flame_monitoring\source\vision.board.flame.monitoring\video_diagnosis.sdk\FlowDetect\src" -I"D:\sjts_flame_monitoring\source\vision.board.flame.monitoring\video_diagnosis.sdk\FlowDetect\src\modules\uCOS" -c -fmessage-length=0 -MT"src/sync/sync_img_msg_q.o" -MMD -MP -MF"src/sync/sync_img_msg_q.d" -MT"src/sync/sync_img_msg_q.d" -o "src/sync/sync_img_msg_q.o" "../src/sync/sync_img_msg_q.c"
'Finished building: ../src/sync/sync_img_msg_q.c'
' '
'Building file: ../src/sync/sync_pl_mem_4_8_lock.c'
'Invoking: ARM Linux gcc compiler'
arm-xilinx-linux-gnueabi-g++ -D_DEBUG -Wall -O0 -g3 -I"V:\opencv_3.3.0.arm.linux\include" -I"D:\sjts_flame_monitoring\source\vision.board.flame.monitoring\video_diagnosis.sdk\FlowDetect\src" -I"D:\sjts_flame_monitoring\source\vision.board.flame.monitoring\video_diagnosis.sdk\FlowDetect\src\modules\uCOS" -c -fmessage-length=0 -MT"src/sync/sync_pl_mem_4_8_lock.o" -MMD -MP -MF"src/sync/sync_pl_mem_4_8_lock.d" -MT"src/sync/sync_pl_mem_4_8_lock.d" -o "src/sync/sync_pl_mem_4_8_lock.o" "../src/sync/sync_pl_mem_4_8_lock.c"
'Finished building: ../src/sync/sync_pl_mem_4_8_lock.c'
' '
'Building file: ../src/sync/sync_ps_mem_0_4_lock.c'
'Invoking: ARM Linux gcc compiler'
arm-xilinx-linux-gnueabi-g++ -D_DEBUG -Wall -O0 -g3 -I"V:\opencv_3.3.0.arm.linux\include" -I"D:\sjts_flame_monitoring\source\vision.board.flame.monitoring\video_diagnosis.sdk\FlowDetect\src" -I"D:\sjts_flame_monitoring\source\vision.board.flame.monitoring\video_diagnosis.sdk\FlowDetect\src\modules\uCOS" -c -fmessage-length=0 -MT"src/sync/sync_ps_mem_0_4_lock.o" -MMD -MP -MF"src/sync/sync_ps_mem_0_4_lock.d" -MT"src/sync/sync_ps_mem_0_4_lock.d" -o "src/sync/sync_ps_mem_0_4_lock.o" "../src/sync/sync_ps_mem_0_4_lock.c"
'Finished building: ../src/sync/sync_ps_mem_0_4_lock.c'
' '
'Building file: ../src/sync/sync_task.c'
'Invoking: ARM Linux gcc compiler'
arm-xilinx-linux-gnueabi-g++ -D_DEBUG -Wall -O0 -g3 -I"V:\opencv_3.3.0.arm.linux\include" -I"D:\sjts_flame_monitoring\source\vision.board.flame.monitoring\video_diagnosis.sdk\FlowDetect\src" -I"D:\sjts_flame_monitoring\source\vision.board.flame.monitoring\video_diagnosis.sdk\FlowDetect\src\modules\uCOS" -c -fmessage-length=0 -MT"src/sync/sync_task.o" -MMD -MP -MF"src/sync/sync_task.d" -MT"src/sync/sync_task.d" -o "src/sync/sync_task.o" "../src/sync/sync_task.c"
'Finished building: ../src/sync/sync_task.c'
' '
'Building file: ../src/msg_queue/msg_queue.c'
'Invoking: ARM Linux gcc compiler'
arm-xilinx-linux-gnueabi-g++ -D_DEBUG -Wall -O0 -g3 -I"V:\opencv_3.3.0.arm.linux\include" -I"D:\sjts_flame_monitoring\source\vision.board.flame.monitoring\video_diagnosis.sdk\FlowDetect\src" -I"D:\sjts_flame_monitoring\source\vision.board.flame.monitoring\video_diagnosis.sdk\FlowDetect\src\modules\uCOS" -c -fmessage-length=0 -MT"src/msg_queue/msg_queue.o" -MMD -MP -MF"src/msg_queue/msg_queue.d" -MT"src/msg_queue/msg_queue.d" -o "src/msg_queue/msg_queue.o" "../src/msg_queue/msg_queue.c"
../src/msg_queue/msg_queue.c: In function 'int open_queue(const char*, int, int)':
../src/msg_queue/msg_queue.c:47:7: warning: unused variable 'errsv' [-Wunused-variable]
   int errsv = errno;
       ^
../src/msg_queue/msg_queue.c: In function 'int recv_queue(const char*)':
../src/msg_queue/msg_queue.c:204:12: warning: unused variable 'priority_of_msg' [-Wunused-variable]
  const int priority_of_msg=1;
            ^
../src/msg_queue/msg_queue.c: In function 'int close_queue(mqd_t)':
../src/msg_queue/msg_queue.c:241:1: warning: no return statement in function returning non-void [-Wreturn-type]
 }
 ^
'Finished building: ../src/msg_queue/msg_queue.c'
' '
'Building file: ../src/msg_queue/msg_sysV_queue.c'
'Invoking: ARM Linux gcc compiler'
arm-xilinx-linux-gnueabi-g++ -D_DEBUG -Wall -O0 -g3 -I"V:\opencv_3.3.0.arm.linux\include" -I"D:\sjts_flame_monitoring\source\vision.board.flame.monitoring\video_diagnosis.sdk\FlowDetect\src" -I"D:\sjts_flame_monitoring\source\vision.board.flame.monitoring\video_diagnosis.sdk\FlowDetect\src\modules\uCOS" -c -fmessage-length=0 -MT"src/msg_queue/msg_sysV_queue.o" -MMD -MP -MF"src/msg_queue/msg_sysV_queue.d" -MT"src/msg_queue/msg_sysV_queue.d" -o "src/msg_queue/msg_sysV_queue.o" "../src/msg_queue/msg_sysV_queue.c"
../src/msg_queue/msg_sysV_queue.c: In function 'MESSAGE rcv_queue_img_buff_ex()':
../src/msg_queue/msg_sysV_queue.c:148:16: warning: unused variable 'imgcv' [-Wunused-variable]
      IplImage* imgcv=GetIplImage(img_t);
                ^
../src/msg_queue/msg_sysV_queue.c:149:16: warning: unused variable 'ch' [-Wunused-variable]
      const int ch=imgU->IpAddrChannel[0];
                ^
../src/msg_queue/msg_sysV_queue.c:155:1: warning: no return statement in function returning non-void [-Wreturn-type]
 }
 ^
'Finished building: ../src/msg_queue/msg_sysV_queue.c'
' '
'Building file: ../src/modules_up/png_up.c'
'Invoking: ARM Linux gcc compiler'
arm-xilinx-linux-gnueabi-g++ -D_DEBUG -Wall -O0 -g3 -I"V:\opencv_3.3.0.arm.linux\include" -I"D:\sjts_flame_monitoring\source\vision.board.flame.monitoring\video_diagnosis.sdk\FlowDetect\src" -I"D:\sjts_flame_monitoring\source\vision.board.flame.monitoring\video_diagnosis.sdk\FlowDetect\src\modules\uCOS" -c -fmessage-length=0 -MT"src/modules_up/png_up.o" -MMD -MP -MF"src/modules_up/png_up.d" -MT"src/modules_up/png_up.d" -o "src/modules_up/png_up.o" "../src/modules_up/png_up.c"
In file included from D:\sjts_flame_monitoring\source\vision.board.flame.monitoring\video_diagnosis.sdk\FlowDetect\src/modules/uCOS/mem_pool_fixed.h:7:0,
                 from D:\sjts_flame_monitoring\source\vision.board.flame.monitoring\video_diagnosis.sdk\FlowDetect\src/modules_ex/type.h:9,
                 from ../src/modules_up/png_up.h:6,
                 from ../src/modules_up/png_up.c:1:
../src/modules_up/png_up.c: In function 'int decodeWithState(const char*, char*, int, int, int)':
../src/modules_up/png_up.c:58:15: warning: comparison between signed and unsigned integer expressions [-Wsign-compare]
   assert(width==_width);
               ^
../src/modules_up/png_up.c:59:16: warning: comparison between signed and unsigned integer expressions [-Wsign-compare]
   assert(height==_height);
                ^
'Finished building: ../src/modules_up/png_up.c'
' '
'Building file: ../src/modules_ex/base.c'
'Invoking: ARM Linux gcc compiler'
arm-xilinx-linux-gnueabi-g++ -D_DEBUG -Wall -O0 -g3 -I"V:\opencv_3.3.0.arm.linux\include" -I"D:\sjts_flame_monitoring\source\vision.board.flame.monitoring\video_diagnosis.sdk\FlowDetect\src" -I"D:\sjts_flame_monitoring\source\vision.board.flame.monitoring\video_diagnosis.sdk\FlowDetect\src\modules\uCOS" -c -fmessage-length=0 -MT"src/modules_ex/base.o" -MMD -MP -MF"src/modules_ex/base.d" -MT"src/modules_ex/base.d" -o "src/modules_ex/base.o" "../src/modules_ex/base.c"
../src/modules_ex/base.c: In function 'int AcceptSocketRequestInSelect(int)':
../src/modules_ex/base.c:250:15: warning: converting to non-pointer type 'int' from NULL [-Wconversion-null]
  int maxfdp = NULL;
               ^
../src/modules_ex/base.c:261:60: warning: suggest parentheses around assignment used as truth value [-Wparentheses]
  if(nready = select(maxfdp + 1, &fdR, NULL, NULL, &timeout)) {
                                                            ^
../src/modules_ex/base.c: In function 'void init_irh_irw(short int*, short int*, unsigned int*)':
../src/modules_ex/base.c:432:16: warning: comparison between signed and unsigned integer expressions [-Wsign-compare]
      for (i=0;i<SIZE;i++){
                ^
../src/modules_ex/base.c: In function 'int Wait4Signal(long int, pthread_mutex_t*, pthread_cond_t*)':
../src/modules_ex/base.c:457:24: warning: variable 'abstime' set but not used [-Wunused-but-set-variable]
        struct timespec abstime= getDelayTime(timeout_ms);
                        ^
'Finished building: ../src/modules_ex/base.c'
' '
'Building file: ../src/modules_ex/cmd_crack1_8.c'
'Invoking: ARM Linux gcc compiler'
arm-xilinx-linux-gnueabi-g++ -D_DEBUG -Wall -O0 -g3 -I"V:\opencv_3.3.0.arm.linux\include" -I"D:\sjts_flame_monitoring\source\vision.board.flame.monitoring\video_diagnosis.sdk\FlowDetect\src" -I"D:\sjts_flame_monitoring\source\vision.board.flame.monitoring\video_diagnosis.sdk\FlowDetect\src\modules\uCOS" -c -fmessage-length=0 -MT"src/modules_ex/cmd_crack1_8.o" -MMD -MP -MF"src/modules_ex/cmd_crack1_8.d" -MT"src/modules_ex/cmd_crack1_8.d" -o "src/modules_ex/cmd_crack1_8.o" "../src/modules_ex/cmd_crack1_8.c"
'Finished building: ../src/modules_ex/cmd_crack1_8.c'
' '
'Building file: ../src/modules_ex/cmd_file.c'
'Invoking: ARM Linux gcc compiler'
arm-xilinx-linux-gnueabi-g++ -D_DEBUG -Wall -O0 -g3 -I"V:\opencv_3.3.0.arm.linux\include" -I"D:\sjts_flame_monitoring\source\vision.board.flame.monitoring\video_diagnosis.sdk\FlowDetect\src" -I"D:\sjts_flame_monitoring\source\vision.board.flame.monitoring\video_diagnosis.sdk\FlowDetect\src\modules\uCOS" -c -fmessage-length=0 -MT"src/modules_ex/cmd_file.o" -MMD -MP -MF"src/modules_ex/cmd_file.d" -MT"src/modules_ex/cmd_file.d" -o "src/modules_ex/cmd_file.o" "../src/modules_ex/cmd_file.c"
In file included from D:\sjts_flame_monitoring\source\vision.board.flame.monitoring\video_diagnosis.sdk\FlowDetect\src/status.h:5:0,
                 from ../src/modules_ex/cmd_file.h:19,
                 from ../src/modules_ex/cmd_file.c:1:
../src/modules_ex/cmd_file.c: In function 'CMD_CTRL* CreateFileCtrlEx(const char*, int)':
../src/modules_ex/cmd_file.c:245:16: warning: comparison between signed and unsigned integer expressions [-Wsign-compare]
     assert(size==file_size);
                ^
'Finished building: ../src/modules_ex/cmd_file.c'
' '
'Building file: ../src/modules_ex/cmd_scar.c'
'Invoking: ARM Linux gcc compiler'
arm-xilinx-linux-gnueabi-g++ -D_DEBUG -Wall -O0 -g3 -I"V:\opencv_3.3.0.arm.linux\include" -I"D:\sjts_flame_monitoring\source\vision.board.flame.monitoring\video_diagnosis.sdk\FlowDetect\src" -I"D:\sjts_flame_monitoring\source\vision.board.flame.monitoring\video_diagnosis.sdk\FlowDetect\src\modules\uCOS" -c -fmessage-length=0 -MT"src/modules_ex/cmd_scar.o" -MMD -MP -MF"src/modules_ex/cmd_scar.d" -MT"src/modules_ex/cmd_scar.d" -o "src/modules_ex/cmd_scar.o" "../src/modules_ex/cmd_scar.c"
'Finished building: ../src/modules_ex/cmd_scar.c'
' '
'Building file: ../src/modules_ex/fs_base.c'
'Invoking: ARM Linux gcc compiler'
arm-xilinx-linux-gnueabi-g++ -D_DEBUG -Wall -O0 -g3 -I"V:\opencv_3.3.0.arm.linux\include" -I"D:\sjts_flame_monitoring\source\vision.board.flame.monitoring\video_diagnosis.sdk\FlowDetect\src" -I"D:\sjts_flame_monitoring\source\vision.board.flame.monitoring\video_diagnosis.sdk\FlowDetect\src\modules\uCOS" -c -fmessage-length=0 -MT"src/modules_ex/fs_base.o" -MMD -MP -MF"src/modules_ex/fs_base.d" -MT"src/modules_ex/fs_base.d" -o "src/modules_ex/fs_base.o" "../src/modules_ex/fs_base.c"
../src/modules_ex/fs_base.c: In function 'ssize_t readall(int, void*, size_t*)':
../src/modules_ex/fs_base.c:121:21: warning: comparison between signed and unsigned integer expressions [-Wsign-compare]
      } while (nread < nbyte);
                     ^
'Finished building: ../src/modules_ex/fs_base.c'
' '
'Building file: ../src/modules_ex/opencv_base.c'
'Invoking: ARM Linux gcc compiler'
arm-xilinx-linux-gnueabi-g++ -D_DEBUG -Wall -O0 -g3 -I"V:\opencv_3.3.0.arm.linux\include" -I"D:\sjts_flame_monitoring\source\vision.board.flame.monitoring\video_diagnosis.sdk\FlowDetect\src" -I"D:\sjts_flame_monitoring\source\vision.board.flame.monitoring\video_diagnosis.sdk\FlowDetect\src\modules\uCOS" -c -fmessage-length=0 -MT"src/modules_ex/opencv_base.o" -MMD -MP -MF"src/modules_ex/opencv_base.d" -MT"src/modules_ex/opencv_base.d" -o "src/modules_ex/opencv_base.o" "../src/modules_ex/opencv_base.c"
'Finished building: ../src/modules_ex/opencv_base.c'
' '
'Building file: ../src/modules_ex/tcp_server.c'
'Invoking: ARM Linux gcc compiler'
arm-xilinx-linux-gnueabi-g++ -D_DEBUG -Wall -O0 -g3 -I"V:\opencv_3.3.0.arm.linux\include" -I"D:\sjts_flame_monitoring\source\vision.board.flame.monitoring\video_diagnosis.sdk\FlowDetect\src" -I"D:\sjts_flame_monitoring\source\vision.board.flame.monitoring\video_diagnosis.sdk\FlowDetect\src\modules\uCOS" -c -fmessage-length=0 -MT"src/modules_ex/tcp_server.o" -MMD -MP -MF"src/modules_ex/tcp_server.d" -MT"src/modules_ex/tcp_server.d" -o "src/modules_ex/tcp_server.o" "../src/modules_ex/tcp_server.c"
../src/modules_ex/tcp_server.c: In function 'void cal_image_part(unsigned char*, unsigned char*, unsigned int*, int, int, int, int, int, int)':
../src/modules_ex/tcp_server.c:179:6: warning: unused variable 'i' [-Wunused-variable]
  int i=0;
      ^
../src/modules_ex/tcp_server.c: In function 'void* tcp_server(void*)':
../src/modules_ex/tcp_server.c:161:1: warning: control reaches end of non-void function [-Wreturn-type]
 }
 ^
'Finished building: ../src/modules_ex/tcp_server.c'
' '
'Building file: ../src/modules_ex/type.c'
'Invoking: ARM Linux gcc compiler'
arm-xilinx-linux-gnueabi-g++ -D_DEBUG -Wall -O0 -g3 -I"V:\opencv_3.3.0.arm.linux\include" -I"D:\sjts_flame_monitoring\source\vision.board.flame.monitoring\video_diagnosis.sdk\FlowDetect\src" -I"D:\sjts_flame_monitoring\source\vision.board.flame.monitoring\video_diagnosis.sdk\FlowDetect\src\modules\uCOS" -c -fmessage-length=0 -MT"src/modules_ex/type.o" -MMD -MP -MF"src/modules_ex/type.d" -MT"src/modules_ex/type.d" -o "src/modules_ex/type.o" "../src/modules_ex/type.c"
'Finished building: ../src/modules_ex/type.c'
' '
'Building file: ../src/modules_58/cetc_flash.c'
'Invoking: ARM Linux gcc compiler'
arm-xilinx-linux-gnueabi-g++ -D_DEBUG -Wall -O0 -g3 -I"V:\opencv_3.3.0.arm.linux\include" -I"D:\sjts_flame_monitoring\source\vision.board.flame.monitoring\video_diagnosis.sdk\FlowDetect\src" -I"D:\sjts_flame_monitoring\source\vision.board.flame.monitoring\video_diagnosis.sdk\FlowDetect\src\modules\uCOS" -c -fmessage-length=0 -MT"src/modules_58/cetc_flash.o" -MMD -MP -MF"src/modules_58/cetc_flash.d" -MT"src/modules_58/cetc_flash.d" -o "src/modules_58/cetc_flash.o" "../src/modules_58/cetc_flash.c"
../src/modules_58/cetc_flash.c: In function 'int flash_read(int, off_t, size_t, char*)':
../src/modules_58/cetc_flash.c:248:19: warning: comparison between signed and unsigned integer expressions [-Wsign-compare]
         for(i=0; i<len; i++)   
                   ^
../src/modules_58/cetc_flash.c:209:6: warning: unused variable 'outfd' [-Wunused-variable]
  int outfd, err;
      ^
../src/modules_58/cetc_flash.c:261:1: warning: label 'err1' defined but not used [-Wunused-label]
 err1:
 ^
../src/modules_58/cetc_flash.c: In function 'u_int32_t flash_get_data(off_t)':
../src/modules_58/cetc_flash.c:336:55: warning: format '%ld' expects argument of type 'long int', but argument 2 has type 'u_int32_t {aka unsigned int}' [-Wformat=]
         printf("read  data  %ld (0x%lx),\n",data, data);
                                                       ^
../src/modules_58/cetc_flash.c:336:55: warning: format '%lx' expects argument of type 'long unsigned int', but argument 3 has type 'u_int32_t {aka unsigned int}' [-Wformat=]
../src/modules_58/cetc_flash.c:318:10: warning: unused variable 'read_data' [-Wunused-variable]
     char read_data[4] = {0};
          ^
../src/modules_58/cetc_flash.c: In function 'int cetc_update_flash()':
../src/modules_58/cetc_flash.c:424:41: warning: comparison between signed and unsigned integer expressions [-Wsign-compare]
     if(0 == data.deadline || 0xffffffff == data.deadline) {
                                         ^
../src/modules_58/cetc_flash.c: At global scope:
../src/modules_58/cetc_flash.c:32:12: warning: 'int getmeminfo(int, mtd_info_user*)' defined but not used [-Wunused-function]
 static int getmeminfo(int fd, struct mtd_info_user *mtd)
            ^
../src/modules_58/cetc_flash.c:49:12: warning: 'int getregions(int, region_info_user*, int*)' defined but not used [-Wunused-function]
 static int getregions(int fd, struct region_info_user *regions, int *n)
            ^
'Finished building: ../src/modules_58/cetc_flash.c'
' '
'Building file: ../src/modules_58/life_cycle.c'
'Invoking: ARM Linux gcc compiler'
arm-xilinx-linux-gnueabi-g++ -D_DEBUG -Wall -O0 -g3 -I"V:\opencv_3.3.0.arm.linux\include" -I"D:\sjts_flame_monitoring\source\vision.board.flame.monitoring\video_diagnosis.sdk\FlowDetect\src" -I"D:\sjts_flame_monitoring\source\vision.board.flame.monitoring\video_diagnosis.sdk\FlowDetect\src\modules\uCOS" -c -fmessage-length=0 -MT"src/modules_58/life_cycle.o" -MMD -MP -MF"src/modules_58/life_cycle.d" -MT"src/modules_58/life_cycle.d" -o "src/modules_58/life_cycle.o" "../src/modules_58/life_cycle.c"
'Finished building: ../src/modules_58/life_cycle.c'
' '
'Building file: ../src/modules_58/timer.c'
'Invoking: ARM Linux gcc compiler'
arm-xilinx-linux-gnueabi-g++ -D_DEBUG -Wall -O0 -g3 -I"V:\opencv_3.3.0.arm.linux\include" -I"D:\sjts_flame_monitoring\source\vision.board.flame.monitoring\video_diagnosis.sdk\FlowDetect\src" -I"D:\sjts_flame_monitoring\source\vision.board.flame.monitoring\video_diagnosis.sdk\FlowDetect\src\modules\uCOS" -c -fmessage-length=0 -MT"src/modules_58/timer.o" -MMD -MP -MF"src/modules_58/timer.d" -MT"src/modules_58/timer.d" -o "src/modules_58/timer.o" "../src/modules_58/timer.c"
'Finished building: ../src/modules_58/timer.c'
' '
'Building file: ../src/modules/uCOS/cpu.c'
'Invoking: ARM Linux gcc compiler'
arm-xilinx-linux-gnueabi-g++ -D_DEBUG -Wall -O0 -g3 -I"V:\opencv_3.3.0.arm.linux\include" -I"D:\sjts_flame_monitoring\source\vision.board.flame.monitoring\video_diagnosis.sdk\FlowDetect\src" -I"D:\sjts_flame_monitoring\source\vision.board.flame.monitoring\video_diagnosis.sdk\FlowDetect\src\modules\uCOS" -c -fmessage-length=0 -MT"src/modules/uCOS/cpu.o" -MMD -MP -MF"src/modules/uCOS/cpu.d" -MT"src/modules/uCOS/cpu.d" -o "src/modules/uCOS/cpu.o" "../src/modules/uCOS/cpu.c"
'Finished building: ../src/modules/uCOS/cpu.c'
' '
'Building file: ../src/modules/uCOS/critical_section.c'
'Invoking: ARM Linux gcc compiler'
arm-xilinx-linux-gnueabi-g++ -D_DEBUG -Wall -O0 -g3 -I"V:\opencv_3.3.0.arm.linux\include" -I"D:\sjts_flame_monitoring\source\vision.board.flame.monitoring\video_diagnosis.sdk\FlowDetect\src" -I"D:\sjts_flame_monitoring\source\vision.board.flame.monitoring\video_diagnosis.sdk\FlowDetect\src\modules\uCOS" -c -fmessage-length=0 -MT"src/modules/uCOS/critical_section.o" -MMD -MP -MF"src/modules/uCOS/critical_section.d" -MT"src/modules/uCOS/critical_section.d" -o "src/modules/uCOS/critical_section.o" "../src/modules/uCOS/critical_section.c"
'Finished building: ../src/modules/uCOS/critical_section.c'
' '
'Building file: ../src/modules/uCOS/mem_pool_fixed.c'
'Invoking: ARM Linux gcc compiler'
arm-xilinx-linux-gnueabi-g++ -D_DEBUG -Wall -O0 -g3 -I"V:\opencv_3.3.0.arm.linux\include" -I"D:\sjts_flame_monitoring\source\vision.board.flame.monitoring\video_diagnosis.sdk\FlowDetect\src" -I"D:\sjts_flame_monitoring\source\vision.board.flame.monitoring\video_diagnosis.sdk\FlowDetect\src\modules\uCOS" -c -fmessage-length=0 -MT"src/modules/uCOS/mem_pool_fixed.o" -MMD -MP -MF"src/modules/uCOS/mem_pool_fixed.d" -MT"src/modules/uCOS/mem_pool_fixed.d" -o "src/modules/uCOS/mem_pool_fixed.o" "../src/modules/uCOS/mem_pool_fixed.c"
'Finished building: ../src/modules/uCOS/mem_pool_fixed.c'
' '
'Building file: ../src/modules/uCOS/os_mem.c'
'Invoking: ARM Linux gcc compiler'
arm-xilinx-linux-gnueabi-g++ -D_DEBUG -Wall -O0 -g3 -I"V:\opencv_3.3.0.arm.linux\include" -I"D:\sjts_flame_monitoring\source\vision.board.flame.monitoring\video_diagnosis.sdk\FlowDetect\src" -I"D:\sjts_flame_monitoring\source\vision.board.flame.monitoring\video_diagnosis.sdk\FlowDetect\src\modules\uCOS" -c -fmessage-length=0 -MT"src/modules/uCOS/os_mem.o" -MMD -MP -MF"src/modules/uCOS/os_mem.d" -MT"src/modules/uCOS/os_mem.d" -o "src/modules/uCOS/os_mem.o" "../src/modules/uCOS/os_mem.c"
'Finished building: ../src/modules/uCOS/os_mem.c'
' '
'Building file: ../src/modules/printf_log/printf_log.c'
'Invoking: ARM Linux gcc compiler'
arm-xilinx-linux-gnueabi-g++ -D_DEBUG -Wall -O0 -g3 -I"V:\opencv_3.3.0.arm.linux\include" -I"D:\sjts_flame_monitoring\source\vision.board.flame.monitoring\video_diagnosis.sdk\FlowDetect\src" -I"D:\sjts_flame_monitoring\source\vision.board.flame.monitoring\video_diagnosis.sdk\FlowDetect\src\modules\uCOS" -c -fmessage-length=0 -MT"src/modules/printf_log/printf_log.o" -MMD -MP -MF"src/modules/printf_log/printf_log.d" -MT"src/modules/printf_log/printf_log.d" -o "src/modules/printf_log/printf_log.o" "../src/modules/printf_log/printf_log.c"
'Finished building: ../src/modules/printf_log/printf_log.c'
' '
'Building file: ../src/modules/lodepng/lodepng.c'
'Invoking: ARM Linux gcc compiler'
arm-xilinx-linux-gnueabi-g++ -D_DEBUG -Wall -O0 -g3 -I"V:\opencv_3.3.0.arm.linux\include" -I"D:\sjts_flame_monitoring\source\vision.board.flame.monitoring\video_diagnosis.sdk\FlowDetect\src" -I"D:\sjts_flame_monitoring\source\vision.board.flame.monitoring\video_diagnosis.sdk\FlowDetect\src\modules\uCOS" -c -fmessage-length=0 -MT"src/modules/lodepng/lodepng.o" -MMD -MP -MF"src/modules/lodepng/lodepng.d" -MT"src/modules/lodepng/lodepng.d" -o "src/modules/lodepng/lodepng.o" "../src/modules/lodepng/lodepng.c"
'Finished building: ../src/modules/lodepng/lodepng.c'
' '
'Building file: ../src/modules/cJSON/cJSON.c'
'Invoking: ARM Linux gcc compiler'
arm-xilinx-linux-gnueabi-g++ -D_DEBUG -Wall -O0 -g3 -I"V:\opencv_3.3.0.arm.linux\include" -I"D:\sjts_flame_monitoring\source\vision.board.flame.monitoring\video_diagnosis.sdk\FlowDetect\src" -I"D:\sjts_flame_monitoring\source\vision.board.flame.monitoring\video_diagnosis.sdk\FlowDetect\src\modules\uCOS" -c -fmessage-length=0 -MT"src/modules/cJSON/cJSON.o" -MMD -MP -MF"src/modules/cJSON/cJSON.d" -MT"src/modules/cJSON/cJSON.d" -o "src/modules/cJSON/cJSON.o" "../src/modules/cJSON/cJSON.c"
'Finished building: ../src/modules/cJSON/cJSON.c'
' '
'Building file: ../src/modules/cJSON/cJSON_Utils.c'
'Invoking: ARM Linux gcc compiler'
arm-xilinx-linux-gnueabi-g++ -D_DEBUG -Wall -O0 -g3 -I"V:\opencv_3.3.0.arm.linux\include" -I"D:\sjts_flame_monitoring\source\vision.board.flame.monitoring\video_diagnosis.sdk\FlowDetect\src" -I"D:\sjts_flame_monitoring\source\vision.board.flame.monitoring\video_diagnosis.sdk\FlowDetect\src\modules\uCOS" -c -fmessage-length=0 -MT"src/modules/cJSON/cJSON_Utils.o" -MMD -MP -MF"src/modules/cJSON/cJSON_Utils.d" -MT"src/modules/cJSON/cJSON_Utils.d" -o "src/modules/cJSON/cJSON_Utils.o" "../src/modules/cJSON/cJSON_Utils.c"
'Finished building: ../src/modules/cJSON/cJSON_Utils.c'
' '
'Building file: ../src/module_zynq7000_hi3516/axi_base.c'
'Invoking: ARM Linux gcc compiler'
arm-xilinx-linux-gnueabi-g++ -D_DEBUG -Wall -O0 -g3 -I"V:\opencv_3.3.0.arm.linux\include" -I"D:\sjts_flame_monitoring\source\vision.board.flame.monitoring\video_diagnosis.sdk\FlowDetect\src" -I"D:\sjts_flame_monitoring\source\vision.board.flame.monitoring\video_diagnosis.sdk\FlowDetect\src\modules\uCOS" -c -fmessage-length=0 -MT"src/module_zynq7000_hi3516/axi_base.o" -MMD -MP -MF"src/module_zynq7000_hi3516/axi_base.d" -MT"src/module_zynq7000_hi3516/axi_base.d" -o "src/module_zynq7000_hi3516/axi_base.o" "../src/module_zynq7000_hi3516/axi_base.c"
'Finished building: ../src/module_zynq7000_hi3516/axi_base.c'
' '
'Building file: ../src/module_zynq7000_hi3516/axi_fpga_ctrl.c'
'Invoking: ARM Linux gcc compiler'
arm-xilinx-linux-gnueabi-g++ -D_DEBUG -Wall -O0 -g3 -I"V:\opencv_3.3.0.arm.linux\include" -I"D:\sjts_flame_monitoring\source\vision.board.flame.monitoring\video_diagnosis.sdk\FlowDetect\src" -I"D:\sjts_flame_monitoring\source\vision.board.flame.monitoring\video_diagnosis.sdk\FlowDetect\src\modules\uCOS" -c -fmessage-length=0 -MT"src/module_zynq7000_hi3516/axi_fpga_ctrl.o" -MMD -MP -MF"src/module_zynq7000_hi3516/axi_fpga_ctrl.d" -MT"src/module_zynq7000_hi3516/axi_fpga_ctrl.d" -o "src/module_zynq7000_hi3516/axi_fpga_ctrl.o" "../src/module_zynq7000_hi3516/axi_fpga_ctrl.c"
'Finished building: ../src/module_zynq7000_hi3516/axi_fpga_ctrl.c'
' '
'Building file: ../src/module_zynq7000_hi3516/axi_fpga_ctrl_img.c'
'Invoking: ARM Linux gcc compiler'
arm-xilinx-linux-gnueabi-g++ -D_DEBUG -Wall -O0 -g3 -I"V:\opencv_3.3.0.arm.linux\include" -I"D:\sjts_flame_monitoring\source\vision.board.flame.monitoring\video_diagnosis.sdk\FlowDetect\src" -I"D:\sjts_flame_monitoring\source\vision.board.flame.monitoring\video_diagnosis.sdk\FlowDetect\src\modules\uCOS" -c -fmessage-length=0 -MT"src/module_zynq7000_hi3516/axi_fpga_ctrl_img.o" -MMD -MP -MF"src/module_zynq7000_hi3516/axi_fpga_ctrl_img.d" -MT"src/module_zynq7000_hi3516/axi_fpga_ctrl_img.d" -o "src/module_zynq7000_hi3516/axi_fpga_ctrl_img.o" "../src/module_zynq7000_hi3516/axi_fpga_ctrl_img.c"
../src/module_zynq7000_hi3516/axi_fpga_ctrl_img.c: In function 'void fpga_set_distortion(const float*, int, int)':
../src/module_zynq7000_hi3516/axi_fpga_ctrl_img.c:201:16: warning: unused variable 'distortion' [-Wunused-variable]
   unsigned int distortion[4][1];
                ^
../src/module_zynq7000_hi3516/axi_fpga_ctrl_img.c:203:12: warning: unused variable 'ci' [-Wunused-variable]
   int ri=0,ci=0;
            ^
'Finished building: ../src/module_zynq7000_hi3516/axi_fpga_ctrl_img.c'
' '
'Building file: ../src/module_zynq7000_hi3516/axi_fpga_ctrl_img_scar.c'
'Invoking: ARM Linux gcc compiler'
arm-xilinx-linux-gnueabi-g++ -D_DEBUG -Wall -O0 -g3 -I"V:\opencv_3.3.0.arm.linux\include" -I"D:\sjts_flame_monitoring\source\vision.board.flame.monitoring\video_diagnosis.sdk\FlowDetect\src" -I"D:\sjts_flame_monitoring\source\vision.board.flame.monitoring\video_diagnosis.sdk\FlowDetect\src\modules\uCOS" -c -fmessage-length=0 -MT"src/module_zynq7000_hi3516/axi_fpga_ctrl_img_scar.o" -MMD -MP -MF"src/module_zynq7000_hi3516/axi_fpga_ctrl_img_scar.d" -MT"src/module_zynq7000_hi3516/axi_fpga_ctrl_img_scar.d" -o "src/module_zynq7000_hi3516/axi_fpga_ctrl_img_scar.o" "../src/module_zynq7000_hi3516/axi_fpga_ctrl_img_scar.c"
../src/module_zynq7000_hi3516/axi_fpga_ctrl_img_scar.c: In function 'void set_mask_seq_param(int)':
../src/module_zynq7000_hi3516/axi_fpga_ctrl_img_scar.c:165:7: warning: comparison between signed and unsigned integer expressions [-Wsign-compare]
   (sno!=0xffffffff) ){
       ^
'Finished building: ../src/module_zynq7000_hi3516/axi_fpga_ctrl_img_scar.c'
' '
'Building file: ../src/module_zynq7000_hi3516/def_hw_zynq7000_hi3516.c'
'Invoking: ARM Linux gcc compiler'
arm-xilinx-linux-gnueabi-g++ -D_DEBUG -Wall -O0 -g3 -I"V:\opencv_3.3.0.arm.linux\include" -I"D:\sjts_flame_monitoring\source\vision.board.flame.monitoring\video_diagnosis.sdk\FlowDetect\src" -I"D:\sjts_flame_monitoring\source\vision.board.flame.monitoring\video_diagnosis.sdk\FlowDetect\src\modules\uCOS" -c -fmessage-length=0 -MT"src/module_zynq7000_hi3516/def_hw_zynq7000_hi3516.o" -MMD -MP -MF"src/module_zynq7000_hi3516/def_hw_zynq7000_hi3516.d" -MT"src/module_zynq7000_hi3516/def_hw_zynq7000_hi3516.d" -o "src/module_zynq7000_hi3516/def_hw_zynq7000_hi3516.o" "../src/module_zynq7000_hi3516/def_hw_zynq7000_hi3516.c"
'Finished building: ../src/module_zynq7000_hi3516/def_hw_zynq7000_hi3516.c'
' '
'Building file: ../src/module_zynq7000_hi3516/def_hw_zynq7000_hi3516_PL_MEM.c'
'Invoking: ARM Linux gcc compiler'
arm-xilinx-linux-gnueabi-g++ -D_DEBUG -Wall -O0 -g3 -I"V:\opencv_3.3.0.arm.linux\include" -I"D:\sjts_flame_monitoring\source\vision.board.flame.monitoring\video_diagnosis.sdk\FlowDetect\src" -I"D:\sjts_flame_monitoring\source\vision.board.flame.monitoring\video_diagnosis.sdk\FlowDetect\src\modules\uCOS" -c -fmessage-length=0 -MT"src/module_zynq7000_hi3516/def_hw_zynq7000_hi3516_PL_MEM.o" -MMD -MP -MF"src/module_zynq7000_hi3516/def_hw_zynq7000_hi3516_PL_MEM.d" -MT"src/module_zynq7000_hi3516/def_hw_zynq7000_hi3516_PL_MEM.d" -o "src/module_zynq7000_hi3516/def_hw_zynq7000_hi3516_PL_MEM.o" "../src/module_zynq7000_hi3516/def_hw_zynq7000_hi3516_PL_MEM.c"
'Finished building: ../src/module_zynq7000_hi3516/def_hw_zynq7000_hi3516_PL_MEM.c'
' '
'Building file: ../src/module_zynq7000_hi3516/def_hw_zynq7000_hi3516_axi.c'
'Invoking: ARM Linux gcc compiler'
arm-xilinx-linux-gnueabi-g++ -D_DEBUG -Wall -O0 -g3 -I"V:\opencv_3.3.0.arm.linux\include" -I"D:\sjts_flame_monitoring\source\vision.board.flame.monitoring\video_diagnosis.sdk\FlowDetect\src" -I"D:\sjts_flame_monitoring\source\vision.board.flame.monitoring\video_diagnosis.sdk\FlowDetect\src\modules\uCOS" -c -fmessage-length=0 -MT"src/module_zynq7000_hi3516/def_hw_zynq7000_hi3516_axi.o" -MMD -MP -MF"src/module_zynq7000_hi3516/def_hw_zynq7000_hi3516_axi.d" -MT"src/module_zynq7000_hi3516/def_hw_zynq7000_hi3516_axi.d" -o "src/module_zynq7000_hi3516/def_hw_zynq7000_hi3516_axi.o" "../src/module_zynq7000_hi3516/def_hw_zynq7000_hi3516_axi.c"
'Finished building: ../src/module_zynq7000_hi3516/def_hw_zynq7000_hi3516_axi.c'
' '
'Building file: ../src/module_zynq7000_hi3516/def_hw_zynq7000_hi3516_axi_scar.c'
'Invoking: ARM Linux gcc compiler'
arm-xilinx-linux-gnueabi-g++ -D_DEBUG -Wall -O0 -g3 -I"V:\opencv_3.3.0.arm.linux\include" -I"D:\sjts_flame_monitoring\source\vision.board.flame.monitoring\video_diagnosis.sdk\FlowDetect\src" -I"D:\sjts_flame_monitoring\source\vision.board.flame.monitoring\video_diagnosis.sdk\FlowDetect\src\modules\uCOS" -c -fmessage-length=0 -MT"src/module_zynq7000_hi3516/def_hw_zynq7000_hi3516_axi_scar.o" -MMD -MP -MF"src/module_zynq7000_hi3516/def_hw_zynq7000_hi3516_axi_scar.d" -MT"src/module_zynq7000_hi3516/def_hw_zynq7000_hi3516_axi_scar.d" -o "src/module_zynq7000_hi3516/def_hw_zynq7000_hi3516_axi_scar.o" "../src/module_zynq7000_hi3516/def_hw_zynq7000_hi3516_axi_scar.c"
'Finished building: ../src/module_zynq7000_hi3516/def_hw_zynq7000_hi3516_axi_scar.c'
' '
'Building file: ../src/module_zynq7000_hi3516/def_hw_zynq7000_hi3516_dmac.c'
'Invoking: ARM Linux gcc compiler'
arm-xilinx-linux-gnueabi-g++ -D_DEBUG -Wall -O0 -g3 -I"V:\opencv_3.3.0.arm.linux\include" -I"D:\sjts_flame_monitoring\source\vision.board.flame.monitoring\video_diagnosis.sdk\FlowDetect\src" -I"D:\sjts_flame_monitoring\source\vision.board.flame.monitoring\video_diagnosis.sdk\FlowDetect\src\modules\uCOS" -c -fmessage-length=0 -MT"src/module_zynq7000_hi3516/def_hw_zynq7000_hi3516_dmac.o" -MMD -MP -MF"src/module_zynq7000_hi3516/def_hw_zynq7000_hi3516_dmac.d" -MT"src/module_zynq7000_hi3516/def_hw_zynq7000_hi3516_dmac.d" -o "src/module_zynq7000_hi3516/def_hw_zynq7000_hi3516_dmac.o" "../src/module_zynq7000_hi3516/def_hw_zynq7000_hi3516_dmac.c"
'Finished building: ../src/module_zynq7000_hi3516/def_hw_zynq7000_hi3516_dmac.c'
' '
'Building file: ../src/module_zynq7000_hi3516/def_img_space_scar.c'
'Invoking: ARM Linux gcc compiler'
arm-xilinx-linux-gnueabi-g++ -D_DEBUG -Wall -O0 -g3 -I"V:\opencv_3.3.0.arm.linux\include" -I"D:\sjts_flame_monitoring\source\vision.board.flame.monitoring\video_diagnosis.sdk\FlowDetect\src" -I"D:\sjts_flame_monitoring\source\vision.board.flame.monitoring\video_diagnosis.sdk\FlowDetect\src\modules\uCOS" -c -fmessage-length=0 -MT"src/module_zynq7000_hi3516/def_img_space_scar.o" -MMD -MP -MF"src/module_zynq7000_hi3516/def_img_space_scar.d" -MT"src/module_zynq7000_hi3516/def_img_space_scar.d" -o "src/module_zynq7000_hi3516/def_img_space_scar.o" "../src/module_zynq7000_hi3516/def_img_space_scar.c"
'Finished building: ../src/module_zynq7000_hi3516/def_img_space_scar.c'
' '
'Building file: ../src/module_zynq7000_hi3516/dma_83c0.c'
'Invoking: ARM Linux gcc compiler'
arm-xilinx-linux-gnueabi-g++ -D_DEBUG -Wall -O0 -g3 -I"V:\opencv_3.3.0.arm.linux\include" -I"D:\sjts_flame_monitoring\source\vision.board.flame.monitoring\video_diagnosis.sdk\FlowDetect\src" -I"D:\sjts_flame_monitoring\source\vision.board.flame.monitoring\video_diagnosis.sdk\FlowDetect\src\modules\uCOS" -c -fmessage-length=0 -MT"src/module_zynq7000_hi3516/dma_83c0.o" -MMD -MP -MF"src/module_zynq7000_hi3516/dma_83c0.d" -MT"src/module_zynq7000_hi3516/dma_83c0.d" -o "src/module_zynq7000_hi3516/dma_83c0.o" "../src/module_zynq7000_hi3516/dma_83c0.c"
'Finished building: ../src/module_zynq7000_hi3516/dma_83c0.c'
' '
'Building file: ../src/module_zynq7000_hi3516/dma_83c0_ex.c'
'Invoking: ARM Linux gcc compiler'
arm-xilinx-linux-gnueabi-g++ -D_DEBUG -Wall -O0 -g3 -I"V:\opencv_3.3.0.arm.linux\include" -I"D:\sjts_flame_monitoring\source\vision.board.flame.monitoring\video_diagnosis.sdk\FlowDetect\src" -I"D:\sjts_flame_monitoring\source\vision.board.flame.monitoring\video_diagnosis.sdk\FlowDetect\src\modules\uCOS" -c -fmessage-length=0 -MT"src/module_zynq7000_hi3516/dma_83c0_ex.o" -MMD -MP -MF"src/module_zynq7000_hi3516/dma_83c0_ex.d" -MT"src/module_zynq7000_hi3516/dma_83c0_ex.d" -o "src/module_zynq7000_hi3516/dma_83c0_ex.o" "../src/module_zynq7000_hi3516/dma_83c0_ex.c"
'Finished building: ../src/module_zynq7000_hi3516/dma_83c0_ex.c'
' '
'Building file: ../src/module_zynq7000_hi3516/dma_83c1.c'
'Invoking: ARM Linux gcc compiler'
arm-xilinx-linux-gnueabi-g++ -D_DEBUG -Wall -O0 -g3 -I"V:\opencv_3.3.0.arm.linux\include" -I"D:\sjts_flame_monitoring\source\vision.board.flame.monitoring\video_diagnosis.sdk\FlowDetect\src" -I"D:\sjts_flame_monitoring\source\vision.board.flame.monitoring\video_diagnosis.sdk\FlowDetect\src\modules\uCOS" -c -fmessage-length=0 -MT"src/module_zynq7000_hi3516/dma_83c1.o" -MMD -MP -MF"src/module_zynq7000_hi3516/dma_83c1.d" -MT"src/module_zynq7000_hi3516/dma_83c1.d" -o "src/module_zynq7000_hi3516/dma_83c1.o" "../src/module_zynq7000_hi3516/dma_83c1.c"
'Finished building: ../src/module_zynq7000_hi3516/dma_83c1.c'
' '
'Building file: ../src/module_zynq7000_hi3516/dma_83c1_ex.c'
'Invoking: ARM Linux gcc compiler'
arm-xilinx-linux-gnueabi-g++ -D_DEBUG -Wall -O0 -g3 -I"V:\opencv_3.3.0.arm.linux\include" -I"D:\sjts_flame_monitoring\source\vision.board.flame.monitoring\video_diagnosis.sdk\FlowDetect\src" -I"D:\sjts_flame_monitoring\source\vision.board.flame.monitoring\video_diagnosis.sdk\FlowDetect\src\modules\uCOS" -c -fmessage-length=0 -MT"src/module_zynq7000_hi3516/dma_83c1_ex.o" -MMD -MP -MF"src/module_zynq7000_hi3516/dma_83c1_ex.d" -MT"src/module_zynq7000_hi3516/dma_83c1_ex.d" -o "src/module_zynq7000_hi3516/dma_83c1_ex.o" "../src/module_zynq7000_hi3516/dma_83c1_ex.c"
'Finished building: ../src/module_zynq7000_hi3516/dma_83c1_ex.c'
' '
'Building file: ../src/module_zynq7000_hi3516/dma_83c4.c'
'Invoking: ARM Linux gcc compiler'
arm-xilinx-linux-gnueabi-g++ -D_DEBUG -Wall -O0 -g3 -I"V:\opencv_3.3.0.arm.linux\include" -I"D:\sjts_flame_monitoring\source\vision.board.flame.monitoring\video_diagnosis.sdk\FlowDetect\src" -I"D:\sjts_flame_monitoring\source\vision.board.flame.monitoring\video_diagnosis.sdk\FlowDetect\src\modules\uCOS" -c -fmessage-length=0 -MT"src/module_zynq7000_hi3516/dma_83c4.o" -MMD -MP -MF"src/module_zynq7000_hi3516/dma_83c4.d" -MT"src/module_zynq7000_hi3516/dma_83c4.d" -o "src/module_zynq7000_hi3516/dma_83c4.o" "../src/module_zynq7000_hi3516/dma_83c4.c"
'Finished building: ../src/module_zynq7000_hi3516/dma_83c4.c'
' '
'Building file: ../src/module_zynq7000_hi3516/dma_83c4_ex.c'
'Invoking: ARM Linux gcc compiler'
arm-xilinx-linux-gnueabi-g++ -D_DEBUG -Wall -O0 -g3 -I"V:\opencv_3.3.0.arm.linux\include" -I"D:\sjts_flame_monitoring\source\vision.board.flame.monitoring\video_diagnosis.sdk\FlowDetect\src" -I"D:\sjts_flame_monitoring\source\vision.board.flame.monitoring\video_diagnosis.sdk\FlowDetect\src\modules\uCOS" -c -fmessage-length=0 -MT"src/module_zynq7000_hi3516/dma_83c4_ex.o" -MMD -MP -MF"src/module_zynq7000_hi3516/dma_83c4_ex.d" -MT"src/module_zynq7000_hi3516/dma_83c4_ex.d" -o "src/module_zynq7000_hi3516/dma_83c4_ex.o" "../src/module_zynq7000_hi3516/dma_83c4_ex.c"
'Finished building: ../src/module_zynq7000_hi3516/dma_83c4_ex.c'
' '
'Building file: ../src/module_zynq7000_hi3516/dma_hw_base.c'
'Invoking: ARM Linux gcc compiler'
arm-xilinx-linux-gnueabi-g++ -D_DEBUG -Wall -O0 -g3 -I"V:\opencv_3.3.0.arm.linux\include" -I"D:\sjts_flame_monitoring\source\vision.board.flame.monitoring\video_diagnosis.sdk\FlowDetect\src" -I"D:\sjts_flame_monitoring\source\vision.board.flame.monitoring\video_diagnosis.sdk\FlowDetect\src\modules\uCOS" -c -fmessage-length=0 -MT"src/module_zynq7000_hi3516/dma_hw_base.o" -MMD -MP -MF"src/module_zynq7000_hi3516/dma_hw_base.d" -MT"src/module_zynq7000_hi3516/dma_hw_base.d" -o "src/module_zynq7000_hi3516/dma_hw_base.o" "../src/module_zynq7000_hi3516/dma_hw_base.c"
In file included from ../src/module_zynq7000_hi3516/dma_hw_base.h:16:0,
                 from ../src/module_zynq7000_hi3516/dma_hw_base.c:1:
../src/module_zynq7000_hi3516/dma_hw_base.c: In function 'int dmac_addr_mmap_hw_base(DMA_PS_PL_OBJ*)':
D:\sjts_flame_monitoring\source\vision.board.flame.monitoring\video_diagnosis.sdk\FlowDetect\src/modules/printf_log/printf_log.h:25:84: warning: format '%x' expects argument of type 'unsigned int', but argument 2 has type 'off_t {aka long int}' [-Wformat=]
 #define PRINTF_DBG_EX(x,...)    do{  if(getPrintConsole())   printf(x,##__VA_ARGS__);}while(0)
                                                                                    ^
../src/module_zynq7000_hi3516/dma_hw_base.c:36:6: note: in expansion of macro 'PRINTF_DBG_EX'
      PRINTF_DBG_EX("mmap dma_base_addr[0x%08x] to [0x%08x] successfully!\n",
      ^
D:\sjts_flame_monitoring\source\vision.board.flame.monitoring\video_diagnosis.sdk\FlowDetect\src/modules/printf_log/printf_log.h:25:84: warning: format '%x' expects argument of type 'unsigned int', but argument 2 has type 'off_t {aka long int}' [-Wformat=]
 #define PRINTF_DBG_EX(x,...)    do{  if(getPrintConsole())   printf(x,##__VA_ARGS__);}while(0)
                                                                                    ^
../src/module_zynq7000_hi3516/dma_hw_base.c:61:6: note: in expansion of macro 'PRINTF_DBG_EX'
      PRINTF_DBG_EX("mmap ps_ddr_addr[0x%08x] to [0x%08x] successfully!\n",
      ^
'Finished building: ../src/module_zynq7000_hi3516/dma_hw_base.c'
' '
'Building file: ../src/module_zynq7000_hi3516/mem_pl.c'
'Invoking: ARM Linux gcc compiler'
arm-xilinx-linux-gnueabi-g++ -D_DEBUG -Wall -O0 -g3 -I"V:\opencv_3.3.0.arm.linux\include" -I"D:\sjts_flame_monitoring\source\vision.board.flame.monitoring\video_diagnosis.sdk\FlowDetect\src" -I"D:\sjts_flame_monitoring\source\vision.board.flame.monitoring\video_diagnosis.sdk\FlowDetect\src\modules\uCOS" -c -fmessage-length=0 -MT"src/module_zynq7000_hi3516/mem_pl.o" -MMD -MP -MF"src/module_zynq7000_hi3516/mem_pl.d" -MT"src/module_zynq7000_hi3516/mem_pl.d" -o "src/module_zynq7000_hi3516/mem_pl.o" "../src/module_zynq7000_hi3516/mem_pl.c"
'Finished building: ../src/module_zynq7000_hi3516/mem_pl.c'
' '
'Building file: ../src/linux_cfg/linux_cfg.c'
'Invoking: ARM Linux gcc compiler'
arm-xilinx-linux-gnueabi-g++ -D_DEBUG -Wall -O0 -g3 -I"V:\opencv_3.3.0.arm.linux\include" -I"D:\sjts_flame_monitoring\source\vision.board.flame.monitoring\video_diagnosis.sdk\FlowDetect\src" -I"D:\sjts_flame_monitoring\source\vision.board.flame.monitoring\video_diagnosis.sdk\FlowDetect\src\modules\uCOS" -c -fmessage-length=0 -MT"src/linux_cfg/linux_cfg.o" -MMD -MP -MF"src/linux_cfg/linux_cfg.d" -MT"src/linux_cfg/linux_cfg.d" -o "src/linux_cfg/linux_cfg.o" "../src/linux_cfg/linux_cfg.c"
../src/linux_cfg/linux_cfg.c:2:0: warning: "_GNU_SOURCE" redefined
 #define _GNU_SOURCE
 ^
<command-line>:0:0: note: this is the location of the previous definition
In file included from d:\software\xilinx\install\sdk\2015.4\gnu\arm\nt\arm-xilinx-linux-gnueabi\libc\usr\include\stdio.h:27:0,
                 from ../src/linux_cfg/../linux_header.h:5,
                 from ../src/linux_cfg/linux_cfg.h:4,
                 from ../src/linux_cfg/linux_cfg.c:4:
d:\software\xilinx\install\sdk\2015.4\gnu\arm\nt\arm-xilinx-linux-gnueabi\libc\usr\include\features.h:148:3: warning: #warning "_BSD_SOURCE and _SVID_SOURCE are deprecated, use _DEFAULT_SOURCE" [-Wcpp]
 # warning "_BSD_SOURCE and _SVID_SOURCE are deprecated, use _DEFAULT_SOURCE"
   ^
../src/linux_cfg/linux_cfg.c: In function 'void set_cpu_mask(int)':
../src/linux_cfg/linux_cfg.c:26:63: warning: format '%d' expects argument of type 'int', but argument 2 has type 'pthread_t {aka long unsigned int}' [-Wformat=]
         printf("sched_setaffinity[%d] error\n", pthread_self());
                                                               ^
'Finished building: ../src/linux_cfg/linux_cfg.c'
' '
'Building file: ../src/img_cfg/img_cfg.c'
'Invoking: ARM Linux gcc compiler'
arm-xilinx-linux-gnueabi-g++ -D_DEBUG -Wall -O0 -g3 -I"V:\opencv_3.3.0.arm.linux\include" -I"D:\sjts_flame_monitoring\source\vision.board.flame.monitoring\video_diagnosis.sdk\FlowDetect\src" -I"D:\sjts_flame_monitoring\source\vision.board.flame.monitoring\video_diagnosis.sdk\FlowDetect\src\modules\uCOS" -c -fmessage-length=0 -MT"src/img_cfg/img_cfg.o" -MMD -MP -MF"src/img_cfg/img_cfg.d" -MT"src/img_cfg/img_cfg.d" -o "src/img_cfg/img_cfg.o" "../src/img_cfg/img_cfg.c"
../src/img_cfg/img_cfg.c: In function 'void SaveImgMaskMatrix(const CMD_CTRL*)':
../src/img_cfg/img_cfg.c:579:18: warning: unused variable 'img' [-Wunused-variable]
  const IplImage* img=GetIplImage(_cmd);
                  ^
../src/img_cfg/img_cfg.c: In function 'int ReadImgMaskMatrix(const CMD_CTRL*)':
../src/img_cfg/img_cfg.c:609:19: warning: unused variable 'img' [-Wunused-variable]
   const IplImage* img=GetIplImage(_cmd);
                   ^
../src/img_cfg/img_cfg.c: In function 'void* ParseSpaceUsedItem(cJSON*)':
../src/img_cfg/img_cfg.c:890:12: warning: unused variable 'CutSize_y' [-Wunused-variable]
     cJSON* CutSize_y = cJSON_GetObjectItemCaseSensitive(one_frame_used_json, KEY_CUT_SIZE_Y);
            ^
../src/img_cfg/img_cfg.c: In function 'void ParseImgCfgJsonStr(const char*)':
../src/img_cfg/img_cfg.c:927:10: warning: variable 'status' set but not used [-Wunused-but-set-variable]
      int status = 0;
          ^
../src/img_cfg/img_cfg.c: In function 'char* GetImgCfgJsonStr()':
../src/img_cfg/img_cfg.c:1162:14: warning: deprecated conversion from string constant to 'char*' [-Wwrite-strings]
       return "";
              ^
../src/img_cfg/img_cfg.c:1169:14: warning: deprecated conversion from string constant to 'char*' [-Wwrite-strings]
       return "";
              ^
../src/img_cfg/img_cfg.c:1177:14: warning: deprecated conversion from string constant to 'char*' [-Wwrite-strings]
       return "";
              ^
../src/img_cfg/img_cfg.c:1185:14: warning: deprecated conversion from string constant to 'char*' [-Wwrite-strings]
       return "";
              ^
../src/img_cfg/img_cfg.c:1193:17: warning: deprecated conversion from string constant to 'char*' [-Wwrite-strings]
          return "";
                 ^
../src/img_cfg/img_cfg.c:1200:14: warning: deprecated conversion from string constant to 'char*' [-Wwrite-strings]
       return "";
              ^
../src/img_cfg/img_cfg.c:1206:18: warning: deprecated conversion from string constant to 'char*' [-Wwrite-strings]
           return "";
                  ^
../src/img_cfg/img_cfg.c: In function 'void* ParseSpaceUsedItem(cJSON*)':
../src/img_cfg/img_cfg.c:919:1: warning: control reaches end of non-void function [-Wreturn-type]
 }
 ^
'Finished building: ../src/img_cfg/img_cfg.c'
' '
'Building file: ../src/img_cfg/img_cfg_scar.c'
'Invoking: ARM Linux gcc compiler'
arm-xilinx-linux-gnueabi-g++ -D_DEBUG -Wall -O0 -g3 -I"V:\opencv_3.3.0.arm.linux\include" -I"D:\sjts_flame_monitoring\source\vision.board.flame.monitoring\video_diagnosis.sdk\FlowDetect\src" -I"D:\sjts_flame_monitoring\source\vision.board.flame.monitoring\video_diagnosis.sdk\FlowDetect\src\modules\uCOS" -c -fmessage-length=0 -MT"src/img_cfg/img_cfg_scar.o" -MMD -MP -MF"src/img_cfg/img_cfg_scar.d" -MT"src/img_cfg/img_cfg_scar.d" -o "src/img_cfg/img_cfg_scar.o" "../src/img_cfg/img_cfg_scar.c"
'Finished building: ../src/img_cfg/img_cfg_scar.c'
' '
'Building file: ../src/img_cfg/img_mask_cfg.c'
'Invoking: ARM Linux gcc compiler'
arm-xilinx-linux-gnueabi-g++ -D_DEBUG -Wall -O0 -g3 -I"V:\opencv_3.3.0.arm.linux\include" -I"D:\sjts_flame_monitoring\source\vision.board.flame.monitoring\video_diagnosis.sdk\FlowDetect\src" -I"D:\sjts_flame_monitoring\source\vision.board.flame.monitoring\video_diagnosis.sdk\FlowDetect\src\modules\uCOS" -c -fmessage-length=0 -MT"src/img_cfg/img_mask_cfg.o" -MMD -MP -MF"src/img_cfg/img_mask_cfg.d" -MT"src/img_cfg/img_mask_cfg.d" -o "src/img_cfg/img_mask_cfg.o" "../src/img_cfg/img_mask_cfg.c"
'Finished building: ../src/img_cfg/img_mask_cfg.c'
' '
'Building file: ../src/img_cfg/scar_cfg.c'
'Invoking: ARM Linux gcc compiler'
arm-xilinx-linux-gnueabi-g++ -D_DEBUG -Wall -O0 -g3 -I"V:\opencv_3.3.0.arm.linux\include" -I"D:\sjts_flame_monitoring\source\vision.board.flame.monitoring\video_diagnosis.sdk\FlowDetect\src" -I"D:\sjts_flame_monitoring\source\vision.board.flame.monitoring\video_diagnosis.sdk\FlowDetect\src\modules\uCOS" -c -fmessage-length=0 -MT"src/img_cfg/scar_cfg.o" -MMD -MP -MF"src/img_cfg/scar_cfg.d" -MT"src/img_cfg/scar_cfg.d" -o "src/img_cfg/scar_cfg.o" "../src/img_cfg/scar_cfg.c"
../src/img_cfg/scar_cfg.c: In function 'int GetScarMaskChannel_Total_Num()':
../src/img_cfg/scar_cfg.c:98:10: warning: comparison between signed and unsigned integer expressions [-Wsign-compare]
  if(sno_i==0xffffffff){
          ^
../src/img_cfg/scar_cfg.c: In function 'int GetScarMaskSeqChannel_Is_Loop()':
../src/img_cfg/scar_cfg.c:113:10: warning: comparison between signed and unsigned integer expressions [-Wsign-compare]
  if(sno_i==0xffffffff){
          ^
../src/img_cfg/scar_cfg.c: In function 'int GetMaskSeqChannel(int)':
../src/img_cfg/scar_cfg.c:344:10: warning: comparison between signed and unsigned integer expressions [-Wsign-compare]
  if(sno_i==0xffffffff){
          ^
../src/img_cfg/scar_cfg.c: In function 'int GetMaskSeq_work_mode(int)':
../src/img_cfg/scar_cfg.c:359:10: warning: comparison between signed and unsigned integer expressions [-Wsign-compare]
  if(sno_i==0xffffffff){
          ^
../src/img_cfg/scar_cfg.c: In function 'int GetMaskSeq_g_th_up(int)':
../src/img_cfg/scar_cfg.c:374:10: warning: comparison between signed and unsigned integer expressions [-Wsign-compare]
  if(sno_i==0xffffffff){
          ^
../src/img_cfg/scar_cfg.c: In function 'int GetMaskSeq_g_th_down(int)':
../src/img_cfg/scar_cfg.c:390:10: warning: comparison between signed and unsigned integer expressions [-Wsign-compare]
  if(sno_i==0xffffffff){
          ^
../src/img_cfg/scar_cfg.c: In function 'int GetMaskSeq_row_th_up(int)':
../src/img_cfg/scar_cfg.c:406:10: warning: comparison between signed and unsigned integer expressions [-Wsign-compare]
  if(sno_i==0xffffffff){
          ^
../src/img_cfg/scar_cfg.c: In function 'int GetMaskSeq_row_th_down(int)':
../src/img_cfg/scar_cfg.c:422:11: warning: comparison between signed and unsigned integer expressions [-Wsign-compare]
   if(sno_i==0xffffffff){
           ^
../src/img_cfg/scar_cfg.c: In function 'int GetMaskSeq_col_th_up(int)':
../src/img_cfg/scar_cfg.c:438:11: warning: comparison between signed and unsigned integer expressions [-Wsign-compare]
   if(sno_i==0xffffffff){
           ^
../src/img_cfg/scar_cfg.c: In function 'int GetMaskSeq_col_th_down(int)':
../src/img_cfg/scar_cfg.c:454:11: warning: comparison between signed and unsigned integer expressions [-Wsign-compare]
   if(sno_i==0xffffffff){
           ^
'Finished building: ../src/img_cfg/scar_cfg.c'
' '
'Building file: ../src/hw_module_base/axi_api.c'
'Invoking: ARM Linux gcc compiler'
arm-xilinx-linux-gnueabi-g++ -D_DEBUG -Wall -O0 -g3 -I"V:\opencv_3.3.0.arm.linux\include" -I"D:\sjts_flame_monitoring\source\vision.board.flame.monitoring\video_diagnosis.sdk\FlowDetect\src" -I"D:\sjts_flame_monitoring\source\vision.board.flame.monitoring\video_diagnosis.sdk\FlowDetect\src\modules\uCOS" -c -fmessage-length=0 -MT"src/hw_module_base/axi_api.o" -MMD -MP -MF"src/hw_module_base/axi_api.d" -MT"src/hw_module_base/axi_api.d" -o "src/hw_module_base/axi_api.o" "../src/hw_module_base/axi_api.c"
'Finished building: ../src/hw_module_base/axi_api.c'
' '
'Building file: ../src/fpga_second/fpga_second.c'
'Invoking: ARM Linux gcc compiler'
arm-xilinx-linux-gnueabi-g++ -D_DEBUG -Wall -O0 -g3 -I"V:\opencv_3.3.0.arm.linux\include" -I"D:\sjts_flame_monitoring\source\vision.board.flame.monitoring\video_diagnosis.sdk\FlowDetect\src" -I"D:\sjts_flame_monitoring\source\vision.board.flame.monitoring\video_diagnosis.sdk\FlowDetect\src\modules\uCOS" -c -fmessage-length=0 -MT"src/fpga_second/fpga_second.o" -MMD -MP -MF"src/fpga_second/fpga_second.d" -MT"src/fpga_second/fpga_second.d" -o "src/fpga_second/fpga_second.o" "../src/fpga_second/fpga_second.c"
'Finished building: ../src/fpga_second/fpga_second.c'
' '
'Building file: ../src/fpga_first/fpga_first.c'
'Invoking: ARM Linux gcc compiler'
arm-xilinx-linux-gnueabi-g++ -D_DEBUG -Wall -O0 -g3 -I"V:\opencv_3.3.0.arm.linux\include" -I"D:\sjts_flame_monitoring\source\vision.board.flame.monitoring\video_diagnosis.sdk\FlowDetect\src" -I"D:\sjts_flame_monitoring\source\vision.board.flame.monitoring\video_diagnosis.sdk\FlowDetect\src\modules\uCOS" -c -fmessage-length=0 -MT"src/fpga_first/fpga_first.o" -MMD -MP -MF"src/fpga_first/fpga_first.d" -MT"src/fpga_first/fpga_first.d" -o "src/fpga_first/fpga_first.o" "../src/fpga_first/fpga_first.c"
'Finished building: ../src/fpga_first/fpga_first.c'
' '
'Building file: ../src/fpga_base/fpga_base.c'
'Invoking: ARM Linux gcc compiler'
arm-xilinx-linux-gnueabi-g++ -D_DEBUG -Wall -O0 -g3 -I"V:\opencv_3.3.0.arm.linux\include" -I"D:\sjts_flame_monitoring\source\vision.board.flame.monitoring\video_diagnosis.sdk\FlowDetect\src" -I"D:\sjts_flame_monitoring\source\vision.board.flame.monitoring\video_diagnosis.sdk\FlowDetect\src\modules\uCOS" -c -fmessage-length=0 -MT"src/fpga_base/fpga_base.o" -MMD -MP -MF"src/fpga_base/fpga_base.d" -MT"src/fpga_base/fpga_base.d" -o "src/fpga_base/fpga_base.o" "../src/fpga_base/fpga_base.c"
'Finished building: ../src/fpga_base/fpga_base.c'
' '
'Building file: ../src/cfg.c'
'Invoking: ARM Linux gcc compiler'
arm-xilinx-linux-gnueabi-g++ -D_DEBUG -Wall -O0 -g3 -I"V:\opencv_3.3.0.arm.linux\include" -I"D:\sjts_flame_monitoring\source\vision.board.flame.monitoring\video_diagnosis.sdk\FlowDetect\src" -I"D:\sjts_flame_monitoring\source\vision.board.flame.monitoring\video_diagnosis.sdk\FlowDetect\src\modules\uCOS" -c -fmessage-length=0 -MT"src/cfg.o" -MMD -MP -MF"src/cfg.d" -MT"src/cfg.d" -o "src/cfg.o" "../src/cfg.c"
'Finished building: ../src/cfg.c'
' '
'Building file: ../src/flame_monitor.c'
'Invoking: ARM Linux gcc compiler'
arm-xilinx-linux-gnueabi-g++ -D_DEBUG -Wall -O0 -g3 -I"V:\opencv_3.3.0.arm.linux\include" -I"D:\sjts_flame_monitoring\source\vision.board.flame.monitoring\video_diagnosis.sdk\FlowDetect\src" -I"D:\sjts_flame_monitoring\source\vision.board.flame.monitoring\video_diagnosis.sdk\FlowDetect\src\modules\uCOS" -c -fmessage-length=0 -MT"src/flame_monitor.o" -MMD -MP -MF"src/flame_monitor.d" -MT"src/flame_monitor.d" -o "src/flame_monitor.o" "../src/flame_monitor.c"
'Finished building: ../src/flame_monitor.c'
' '
'Building file: ../src/init_destory.c'
'Invoking: ARM Linux gcc compiler'
arm-xilinx-linux-gnueabi-g++ -D_DEBUG -Wall -O0 -g3 -I"V:\opencv_3.3.0.arm.linux\include" -I"D:\sjts_flame_monitoring\source\vision.board.flame.monitoring\video_diagnosis.sdk\FlowDetect\src" -I"D:\sjts_flame_monitoring\source\vision.board.flame.monitoring\video_diagnosis.sdk\FlowDetect\src\modules\uCOS" -c -fmessage-length=0 -MT"src/init_destory.o" -MMD -MP -MF"src/init_destory.d" -MT"src/init_destory.d" -o "src/init_destory.o" "../src/init_destory.c"
'Finished building: ../src/init_destory.c'
' '
'Building file: ../src/main.c'
'Invoking: ARM Linux gcc compiler'
arm-xilinx-linux-gnueabi-g++ -D_DEBUG -Wall -O0 -g3 -I"V:\opencv_3.3.0.arm.linux\include" -I"D:\sjts_flame_monitoring\source\vision.board.flame.monitoring\video_diagnosis.sdk\FlowDetect\src" -I"D:\sjts_flame_monitoring\source\vision.board.flame.monitoring\video_diagnosis.sdk\FlowDetect\src\modules\uCOS" -c -fmessage-length=0 -MT"src/main.o" -MMD -MP -MF"src/main.d" -MT"src/main.d" -o "src/main.o" "../src/main.c"
../src/main.c: In function 'cmd_param process_argc_argv(int, char**)':
../src/main.c:98:26: warning: deprecated conversion from string constant to 'char*' [-Wwrite-strings]
      char* short_options="w:h:s:f:p:D";
                          ^
'Finished building: ../src/main.c'
' '
'Building file: ../src/status.c'
'Invoking: ARM Linux gcc compiler'
arm-xilinx-linux-gnueabi-g++ -D_DEBUG -Wall -O0 -g3 -I"V:\opencv_3.3.0.arm.linux\include" -I"D:\sjts_flame_monitoring\source\vision.board.flame.monitoring\video_diagnosis.sdk\FlowDetect\src" -I"D:\sjts_flame_monitoring\source\vision.board.flame.monitoring\video_diagnosis.sdk\FlowDetect\src\modules\uCOS" -c -fmessage-length=0 -MT"src/status.o" -MMD -MP -MF"src/status.d" -MT"src/status.d" -o "src/status.o" "../src/status.c"
'Finished building: ../src/status.c'
' '
'Building target: FlowDetect.elf'
'Invoking: ARM Linux gcc linker'
arm-xilinx-linux-gnueabi-g++ -L"V:\opencv_3.3.0.arm.linux\lib" -L"V:\opencv_3.3.0.arm.linux\lib\gstreamer-1.0" -L"V:\opencv_3.3.0.arm.linux\lib\gtk-3.0\3.0.0\printbackends" -L"V:\opencv_3.3.0.arm.linux\lib\gdk-pixbuf-2.0\2.10.0\loaders" -L"V:\opencv_3.3.0.arm.linux\lib\cairo" -o "FlowDetect.elf"  ./src/thread_module/fpga_cmd_scar_module.o ./src/thread_module/fpga_cvt_crack_module.o ./src/thread_module/fpga_cvt_module.o ./src/thread_module/fpga_cvt_scar_module.o  ./src/thread/thread_dma_cpy.o ./src/thread/thread_fpga_cvt.o ./src/thread/thread_mem_cpy.o ./src/thread/thread_work_ctrl.o ./src/thread/thread_work_img_trans.o ./src/thread/thread_work_img_trans_inner.o  ./src/task/task_circle.o ./src/task/task_cmd.o ./src/task/task_work_flow.o  ./src/sync/sem_sync.o ./src/sync/sync_fpga_cvt_circle.o ./src/sync/sync_global.o ./src/sync/sync_img_msg_q.o ./src/sync/sync_pl_mem_4_8_lock.o ./src/sync/sync_ps_mem_0_4_lock.o ./src/sync/sync_task.o  ./src/msg_queue/msg_queue.o ./src/msg_queue/msg_sysV_queue.o  ./src/modules_up/png_up.o  ./src/modules_ex/base.o ./src/modules_ex/cmd_crack1_8.o ./src/modules_ex/cmd_file.o ./src/modules_ex/cmd_scar.o ./src/modules_ex/fs_base.o ./src/modules_ex/opencv_base.o ./src/modules_ex/tcp_server.o ./src/modules_ex/type.o  ./src/modules_58/cetc_flash.o ./src/modules_58/life_cycle.o ./src/modules_58/timer.o  ./src/modules/uCOS/cpu.o ./src/modules/uCOS/critical_section.o ./src/modules/uCOS/mem_pool_fixed.o ./src/modules/uCOS/os_mem.o  ./src/modules/printf_log/printf_log.o  ./src/modules/lodepng/lodepng.o  ./src/modules/cJSON/cJSON.o ./src/modules/cJSON/cJSON_Utils.o  ./src/module_zynq7000_hi3516/axi_base.o ./src/module_zynq7000_hi3516/axi_fpga_ctrl.o ./src/module_zynq7000_hi3516/axi_fpga_ctrl_img.o ./src/module_zynq7000_hi3516/axi_fpga_ctrl_img_scar.o ./src/module_zynq7000_hi3516/def_hw_zynq7000_hi3516.o ./src/module_zynq7000_hi3516/def_hw_zynq7000_hi3516_PL_MEM.o ./src/module_zynq7000_hi3516/def_hw_zynq7000_hi3516_axi.o ./src/module_zynq7000_hi3516/def_hw_zynq7000_hi3516_axi_scar.o ./src/module_zynq7000_hi3516/def_hw_zynq7000_hi3516_dmac.o ./src/module_zynq7000_hi3516/def_img_space_scar.o ./src/module_zynq7000_hi3516/dma_83c0.o ./src/module_zynq7000_hi3516/dma_83c0_ex.o ./src/module_zynq7000_hi3516/dma_83c1.o ./src/module_zynq7000_hi3516/dma_83c1_ex.o ./src/module_zynq7000_hi3516/dma_83c4.o ./src/module_zynq7000_hi3516/dma_83c4_ex.o ./src/module_zynq7000_hi3516/dma_hw_base.o ./src/module_zynq7000_hi3516/mem_pl.o  ./src/linux_cfg/linux_cfg.o  ./src/img_cfg/img_cfg.o ./src/img_cfg/img_cfg_scar.o ./src/img_cfg/img_mask_cfg.o ./src/img_cfg/scar_cfg.o  ./src/hw_module_base/axi_api.o  ./src/fpga_second/fpga_second.o  ./src/fpga_first/fpga_first.o  ./src/fpga_base/fpga_base.o  ./src/cfg.o ./src/flame_monitor.o ./src/init_destory.o ./src/main.o ./src/status.o   -lpthread -lrt -lm -lasprintf -latk-1.0 -lavcodec -lavdevice -lavfilter -lavformat -lavutil -lblkid -lcairo -lcairo-gobject -lcairo-script-interpreter -lcairo-trace -ldc1394 -lexif -lffi -lfontconfig -lfreetype -lfribidi -lgailutil-3 -lgdk_pixbuf-2.0 -lgdk-3 -lgettextlib-0.19.8 -lgettextpo -lgettextsrc-0.19.8 -lgio-2.0 -lglib-2.0 -lgmodule-2.0 -lgobject-2.0 -lgphoto2 -lgphoto2_port -lgstallocators-1.0 -lgstapp-1.0 -lgstaudio-1.0 -lgstbase-1.0 -lgstcheck-1.0 -lgstcontroller-1.0 -lgstcoreelements -lgstcoretracers -lgstfft-1.0 -lgstnet-1.0 -lgstpbutils-1.0 -lgstreamer-1.0 -lgstriff-1.0 -lgstrtp-1.0 -lgstrtsp-1.0 -lgstsdp-1.0 -lgsttag-1.0 -lgstvideo-1.0 -lgthread-2.0 -lgtk-3 -lharfbuzz -ljpeg -lltdl -lmount -lopencv_calib3d -lopencv_core -lopencv_dnn -lopencv_features2d -lopencv_flann -lopencv_highgui -lopencv_imgcodecs -lopencv_imgproc -lopencv_ml -lopencv_objdetect -lopencv_photo -lopencv_shape -lopencv_stitching -lopencv_superres -lopencv_video -lopencv_videoio -lopencv_videostab -lpango-1.0 -lpangocairo-1.0 -lpangoft2-1.0 -lpcre -lpcrecpp -lpcreposix -lpixbufloader-ani -lpixbufloader-bmp -lpixbufloader-gif -lpixbufloader-icns -lpixbufloader-ico -lpixbufloader-jpeg -lpixbufloader-png -lpixbufloader-pnm -lpixbufloader-qtif -lpixbufloader-tga -lpixbufloader-tiff -lpixbufloader-xbm -lpixbufloader-xpm -lpixman-1 -lpng16 -lpostproc -lprintbackend-file -lprintbackend-lpr -lswresample -lswscale -ltiff -ltiffxx -lusb-1.0 -luuid -lX11 -lX11-xcb -lx264 -lXau -lxcb -lxcb-composite -lxcb-damage -lxcb-dpms -lxcb-dri2 -lxcb-dri3 -lxcb-glx -lxcb-present -lxcb-randr -lxcb-record -lxcb-render -lxcb-res -lxcb-screensaver -lxcb-shape -lxcb-shm -lxcb-sync -lxcb-xf86dri -lxcb-xfixes -lxcb-xinerama -lxcb-xinput -lxcb-xkb -lxcb-xtest -lxcb-xv -lxcb-xvmc -lXcursor -lXext -lXfixes -lXi -lxml2 -lXrender -lxvidcore -lz
'Finished building target: FlowDetect.elf'
' '
'Invoking: ARM Linux Print Size'
arm-xilinx-linux-gnueabi-size FlowDetect.elf  |tee "FlowDetect.elf.size"
   text	   data	    bss	    dec	    hex	filename
 334914	   3748	202060116	202398778	c105c3a	FlowDetect.elf
'Finished building: FlowDetect.elf.size'
' '
15:33:12 **** Incremental Build of configuration Debug for project FlowDetect ****
make all 
make: Nothing to be done for `all'.
16:02:42 **** Incremental Build of configuration Debug for project FlowDetect ****
make all 
make: Nothing to be done for `all'.
16:02:55 **** Incremental Build of configuration Debug for project FlowDetect ****
make all 
make: Nothing to be done for `all'.
16:25:20 **** Incremental Build of configuration Debug for project FlowDetect ****
make all 
make: Nothing to be done for `all'.
16:25:31 **** Incremental Build of configuration Debug for project FlowDetect ****
make all 
make: Nothing to be done for `all'.
16:27:16 **** Incremental Build of configuration Debug for project FlowDetect ****
make all 
make: Nothing to be done for `all'.
16:44:43 **** Incremental Build of configuration Debug for project FlowDetect ****
make all 
make: Nothing to be done for `all'.
16:50:11 **** Incremental Build of configuration Debug for project FlowDetect ****
make all 
'Building file: ../src/msg_queue/msg_sysV_queue.c'
'Invoking: ARM Linux gcc compiler'
arm-xilinx-linux-gnueabi-g++ -D_DEBUG -Wall -O0 -g3 -I"V:\opencv_3.3.0.arm.linux\include" -I"D:\sjts_flame_monitoring\source\vision.board.flame.monitoring\video_diagnosis.sdk\FlowDetect\src" -I"D:\sjts_flame_monitoring\source\vision.board.flame.monitoring\video_diagnosis.sdk\FlowDetect\src\modules\uCOS" -c -fmessage-length=0 -MT"src/msg_queue/msg_sysV_queue.o" -MMD -MP -MF"src/msg_queue/msg_sysV_queue.d" -MT"src/msg_queue/msg_sysV_queue.d" -o "src/msg_queue/msg_sysV_queue.o" "../src/msg_queue/msg_sysV_queue.c"
../src/msg_queue/msg_sysV_queue.c: In function 'MESSAGE rcv_queue_img_buff_ex()':
../src/msg_queue/msg_sysV_queue.c:148:16: warning: unused variable 'imgcv' [-Wunused-variable]
      IplImage* imgcv=GetIplImage(img_t);
                ^
../src/msg_queue/msg_sysV_queue.c:149:16: warning: unused variable 'ch' [-Wunused-variable]
      const int ch=imgU->IpAddrChannel[0];
                ^
'Finished building: ../src/msg_queue/msg_sysV_queue.c'
' '
'Building target: FlowDetect.elf'
'Invoking: ARM Linux gcc linker'
arm-xilinx-linux-gnueabi-g++ -L"V:\opencv_3.3.0.arm.linux\lib" -L"V:\opencv_3.3.0.arm.linux\lib\gstreamer-1.0" -L"V:\opencv_3.3.0.arm.linux\lib\gtk-3.0\3.0.0\printbackends" -L"V:\opencv_3.3.0.arm.linux\lib\gdk-pixbuf-2.0\2.10.0\loaders" -L"V:\opencv_3.3.0.arm.linux\lib\cairo" -o "FlowDetect.elf"  ./src/thread_module/fpga_cmd_scar_module.o ./src/thread_module/fpga_cvt_crack_module.o ./src/thread_module/fpga_cvt_module.o ./src/thread_module/fpga_cvt_scar_module.o  ./src/thread/thread_dma_cpy.o ./src/thread/thread_fpga_cvt.o ./src/thread/thread_mem_cpy.o ./src/thread/thread_work_ctrl.o ./src/thread/thread_work_img_trans.o ./src/thread/thread_work_img_trans_inner.o  ./src/task/task_circle.o ./src/task/task_cmd.o ./src/task/task_work_flow.o  ./src/sync/sem_sync.o ./src/sync/sync_fpga_cvt_circle.o ./src/sync/sync_global.o ./src/sync/sync_img_msg_q.o ./src/sync/sync_pl_mem_4_8_lock.o ./src/sync/sync_ps_mem_0_4_lock.o ./src/sync/sync_task.o  ./src/msg_queue/msg_queue.o ./src/msg_queue/msg_sysV_queue.o  ./src/modules_up/png_up.o  ./src/modules_ex/base.o ./src/modules_ex/cmd_crack1_8.o ./src/modules_ex/cmd_file.o ./src/modules_ex/cmd_scar.o ./src/modules_ex/fs_base.o ./src/modules_ex/opencv_base.o ./src/modules_ex/tcp_server.o ./src/modules_ex/type.o  ./src/modules_58/cetc_flash.o ./src/modules_58/life_cycle.o ./src/modules_58/timer.o  ./src/modules/uCOS/cpu.o ./src/modules/uCOS/critical_section.o ./src/modules/uCOS/mem_pool_fixed.o ./src/modules/uCOS/os_mem.o  ./src/modules/printf_log/printf_log.o  ./src/modules/lodepng/lodepng.o  ./src/modules/cJSON/cJSON.o ./src/modules/cJSON/cJSON_Utils.o  ./src/module_zynq7000_hi3516/axi_base.o ./src/module_zynq7000_hi3516/axi_fpga_ctrl.o ./src/module_zynq7000_hi3516/axi_fpga_ctrl_img.o ./src/module_zynq7000_hi3516/axi_fpga_ctrl_img_scar.o ./src/module_zynq7000_hi3516/def_hw_zynq7000_hi3516.o ./src/module_zynq7000_hi3516/def_hw_zynq7000_hi3516_PL_MEM.o ./src/module_zynq7000_hi3516/def_hw_zynq7000_hi3516_axi.o ./src/module_zynq7000_hi3516/def_hw_zynq7000_hi3516_axi_scar.o ./src/module_zynq7000_hi3516/def_hw_zynq7000_hi3516_dmac.o ./src/module_zynq7000_hi3516/def_img_space_scar.o ./src/module_zynq7000_hi3516/dma_83c0.o ./src/module_zynq7000_hi3516/dma_83c0_ex.o ./src/module_zynq7000_hi3516/dma_83c1.o ./src/module_zynq7000_hi3516/dma_83c1_ex.o ./src/module_zynq7000_hi3516/dma_83c4.o ./src/module_zynq7000_hi3516/dma_83c4_ex.o ./src/module_zynq7000_hi3516/dma_hw_base.o ./src/module_zynq7000_hi3516/mem_pl.o  ./src/linux_cfg/linux_cfg.o  ./src/img_cfg/img_cfg.o ./src/img_cfg/img_cfg_scar.o ./src/img_cfg/img_mask_cfg.o ./src/img_cfg/scar_cfg.o  ./src/hw_module_base/axi_api.o  ./src/fpga_second/fpga_second.o  ./src/fpga_first/fpga_first.o  ./src/fpga_base/fpga_base.o  ./src/cfg.o ./src/flame_monitor.o ./src/init_destory.o ./src/main.o ./src/status.o   -lpthread -lrt -lm -lasprintf -latk-1.0 -lavcodec -lavdevice -lavfilter -lavformat -lavutil -lblkid -lcairo -lcairo-gobject -lcairo-script-interpreter -lcairo-trace -ldc1394 -lexif -lffi -lfontconfig -lfreetype -lfribidi -lgailutil-3 -lgdk_pixbuf-2.0 -lgdk-3 -lgettextlib-0.19.8 -lgettextpo -lgettextsrc-0.19.8 -lgio-2.0 -lglib-2.0 -lgmodule-2.0 -lgobject-2.0 -lgphoto2 -lgphoto2_port -lgstallocators-1.0 -lgstapp-1.0 -lgstaudio-1.0 -lgstbase-1.0 -lgstcheck-1.0 -lgstcontroller-1.0 -lgstcoreelements -lgstcoretracers -lgstfft-1.0 -lgstnet-1.0 -lgstpbutils-1.0 -lgstreamer-1.0 -lgstriff-1.0 -lgstrtp-1.0 -lgstrtsp-1.0 -lgstsdp-1.0 -lgsttag-1.0 -lgstvideo-1.0 -lgthread-2.0 -lgtk-3 -lharfbuzz -ljpeg -lltdl -lmount -lopencv_calib3d -lopencv_core -lopencv_dnn -lopencv_features2d -lopencv_flann -lopencv_highgui -lopencv_imgcodecs -lopencv_imgproc -lopencv_ml -lopencv_objdetect -lopencv_photo -lopencv_shape -lopencv_stitching -lopencv_superres -lopencv_video -lopencv_videoio -lopencv_videostab -lpango-1.0 -lpangocairo-1.0 -lpangoft2-1.0 -lpcre -lpcrecpp -lpcreposix -lpixbufloader-ani -lpixbufloader-bmp -lpixbufloader-gif -lpixbufloader-icns -lpixbufloader-ico -lpixbufloader-jpeg -lpixbufloader-png -lpixbufloader-pnm -lpixbufloader-qtif -lpixbufloader-tga -lpixbufloader-tiff -lpixbufloader-xbm -lpixbufloader-xpm -lpixman-1 -lpng16 -lpostproc -lprintbackend-file -lprintbackend-lpr -lswresample -lswscale -ltiff -ltiffxx -lusb-1.0 -luuid -lX11 -lX11-xcb -lx264 -lXau -lxcb -lxcb-composite -lxcb-damage -lxcb-dpms -lxcb-dri2 -lxcb-dri3 -lxcb-glx -lxcb-present -lxcb-randr -lxcb-record -lxcb-render -lxcb-res -lxcb-screensaver -lxcb-shape -lxcb-shm -lxcb-sync -lxcb-xf86dri -lxcb-xfixes -lxcb-xinerama -lxcb-xinput -lxcb-xkb -lxcb-xtest -lxcb-xv -lxcb-xvmc -lXcursor -lXext -lXfixes -lXi -lxml2 -lXrender -lxvidcore -lz
'Finished building target: FlowDetect.elf'
' '
'Invoking: ARM Linux Print Size'
arm-xilinx-linux-gnueabi-size FlowDetect.elf  |tee "FlowDetect.elf.size"
   text	   data	    bss	    dec	    hex	filename
 334930	   3748	202060116	202398794	c105c4a	FlowDetect.elf
'Finished building: FlowDetect.elf.size'
' '
16:55:31 **** Auto Build of configuration Debug for project FlowDetect ****
make all 
'Building file: ../src/msg_queue/msg_sysV_queue.c'
'Invoking: ARM Linux gcc compiler'
arm-xilinx-linux-gnueabi-g++ -D_DEBUG -Wall -O0 -g3 -I"V:\opencv_3.3.0.arm.linux\include" -I"D:\sjts_flame_monitoring\source\vision.board.flame.monitoring\video_diagnosis.sdk\FlowDetect\src" -I"D:\sjts_flame_monitoring\source\vision.board.flame.monitoring\video_diagnosis.sdk\FlowDetect\src\modules\uCOS" -c -fmessage-length=0 -MT"src/msg_queue/msg_sysV_queue.o" -MMD -MP -MF"src/msg_queue/msg_sysV_queue.d" -MT"src/msg_queue/msg_sysV_queue.d" -o "src/msg_queue/msg_sysV_queue.o" "../src/msg_queue/msg_sysV_queue.c"
'Finished building: ../src/msg_queue/msg_sysV_queue.c'
' '
'Building file: ../src/init_destory.c'
'Invoking: ARM Linux gcc compiler'
arm-xilinx-linux-gnueabi-g++ -D_DEBUG -Wall -O0 -g3 -I"V:\opencv_3.3.0.arm.linux\include" -I"D:\sjts_flame_monitoring\source\vision.board.flame.monitoring\video_diagnosis.sdk\FlowDetect\src" -I"D:\sjts_flame_monitoring\source\vision.board.flame.monitoring\video_diagnosis.sdk\FlowDetect\src\modules\uCOS" -c -fmessage-length=0 -MT"src/init_destory.o" -MMD -MP -MF"src/init_destory.d" -MT"src/init_destory.d" -o "src/init_destory.o" "../src/init_destory.c"
../src/init_destory.c: In function 'int main_ring()':
../src/init_destory.c:255:15: error: 'thread_task_tcp_igniter' was not declared in this scope
  pthread_join(thread_task_tcp_igniter,NULL);
               ^
make: *** [src/init_destory.o] ´íÎó 1
16:56:08 **** Auto Build of configuration Debug for project FlowDetect ****
make all 
'Building file: ../src/init_destory.c'
'Invoking: ARM Linux gcc compiler'
arm-xilinx-linux-gnueabi-g++ -D_DEBUG -Wall -O0 -g3 -I"V:\opencv_3.3.0.arm.linux\include" -I"D:\sjts_flame_monitoring\source\vision.board.flame.monitoring\video_diagnosis.sdk\FlowDetect\src" -I"D:\sjts_flame_monitoring\source\vision.board.flame.monitoring\video_diagnosis.sdk\FlowDetect\src\modules\uCOS" -c -fmessage-length=0 -MT"src/init_destory.o" -MMD -MP -MF"src/init_destory.d" -MT"src/init_destory.d" -o "src/init_destory.o" "../src/init_destory.c"
'Finished building: ../src/init_destory.c'
' '
'Building target: FlowDetect.elf'
'Invoking: ARM Linux gcc linker'
arm-xilinx-linux-gnueabi-g++ -L"V:\opencv_3.3.0.arm.linux\lib" -L"V:\opencv_3.3.0.arm.linux\lib\gstreamer-1.0" -L"V:\opencv_3.3.0.arm.linux\lib\gtk-3.0\3.0.0\printbackends" -L"V:\opencv_3.3.0.arm.linux\lib\gdk-pixbuf-2.0\2.10.0\loaders" -L"V:\opencv_3.3.0.arm.linux\lib\cairo" -o "FlowDetect.elf"  ./src/thread_module/fpga_cmd_scar_module.o ./src/thread_module/fpga_cvt_crack_module.o ./src/thread_module/fpga_cvt_module.o ./src/thread_module/fpga_cvt_scar_module.o  ./src/thread/thread_dma_cpy.o ./src/thread/thread_fpga_cvt.o ./src/thread/thread_mem_cpy.o ./src/thread/thread_work_ctrl.o ./src/thread/thread_work_img_trans.o ./src/thread/thread_work_img_trans_inner.o  ./src/task/task_circle.o ./src/task/task_cmd.o ./src/task/task_work_flow.o  ./src/sync/sem_sync.o ./src/sync/sync_fpga_cvt_circle.o ./src/sync/sync_global.o ./src/sync/sync_img_msg_q.o ./src/sync/sync_pl_mem_4_8_lock.o ./src/sync/sync_ps_mem_0_4_lock.o ./src/sync/sync_task.o  ./src/msg_queue/msg_queue.o ./src/msg_queue/msg_sysV_queue.o  ./src/modules_up/png_up.o  ./src/modules_ex/base.o ./src/modules_ex/cmd_crack1_8.o ./src/modules_ex/cmd_file.o ./src/modules_ex/cmd_scar.o ./src/modules_ex/fs_base.o ./src/modules_ex/opencv_base.o ./src/modules_ex/tcp_server.o ./src/modules_ex/type.o  ./src/modules_58/cetc_flash.o ./src/modules_58/life_cycle.o ./src/modules_58/timer.o  ./src/modules/uCOS/cpu.o ./src/modules/uCOS/critical_section.o ./src/modules/uCOS/mem_pool_fixed.o ./src/modules/uCOS/os_mem.o  ./src/modules/printf_log/printf_log.o  ./src/modules/lodepng/lodepng.o  ./src/modules/cJSON/cJSON.o ./src/modules/cJSON/cJSON_Utils.o  ./src/module_zynq7000_hi3516/axi_base.o ./src/module_zynq7000_hi3516/axi_fpga_ctrl.o ./src/module_zynq7000_hi3516/axi_fpga_ctrl_img.o ./src/module_zynq7000_hi3516/axi_fpga_ctrl_img_scar.o ./src/module_zynq7000_hi3516/def_hw_zynq7000_hi3516.o ./src/module_zynq7000_hi3516/def_hw_zynq7000_hi3516_PL_MEM.o ./src/module_zynq7000_hi3516/def_hw_zynq7000_hi3516_axi.o ./src/module_zynq7000_hi3516/def_hw_zynq7000_hi3516_axi_scar.o ./src/module_zynq7000_hi3516/def_hw_zynq7000_hi3516_dmac.o ./src/module_zynq7000_hi3516/def_img_space_scar.o ./src/module_zynq7000_hi3516/dma_83c0.o ./src/module_zynq7000_hi3516/dma_83c0_ex.o ./src/module_zynq7000_hi3516/dma_83c1.o ./src/module_zynq7000_hi3516/dma_83c1_ex.o ./src/module_zynq7000_hi3516/dma_83c4.o ./src/module_zynq7000_hi3516/dma_83c4_ex.o ./src/module_zynq7000_hi3516/dma_hw_base.o ./src/module_zynq7000_hi3516/mem_pl.o  ./src/linux_cfg/linux_cfg.o  ./src/img_cfg/img_cfg.o ./src/img_cfg/img_cfg_scar.o ./src/img_cfg/img_mask_cfg.o ./src/img_cfg/scar_cfg.o  ./src/hw_module_base/axi_api.o  ./src/fpga_second/fpga_second.o  ./src/fpga_first/fpga_first.o  ./src/fpga_base/fpga_base.o  ./src/cfg.o ./src/flame_monitor.o ./src/init_destory.o ./src/main.o ./src/status.o   -lpthread -lrt -lm -lasprintf -latk-1.0 -lavcodec -lavdevice -lavfilter -lavformat -lavutil -lblkid -lcairo -lcairo-gobject -lcairo-script-interpreter -lcairo-trace -ldc1394 -lexif -lffi -lfontconfig -lfreetype -lfribidi -lgailutil-3 -lgdk_pixbuf-2.0 -lgdk-3 -lgettextlib-0.19.8 -lgettextpo -lgettextsrc-0.19.8 -lgio-2.0 -lglib-2.0 -lgmodule-2.0 -lgobject-2.0 -lgphoto2 -lgphoto2_port -lgstallocators-1.0 -lgstapp-1.0 -lgstaudio-1.0 -lgstbase-1.0 -lgstcheck-1.0 -lgstcontroller-1.0 -lgstcoreelements -lgstcoretracers -lgstfft-1.0 -lgstnet-1.0 -lgstpbutils-1.0 -lgstreamer-1.0 -lgstriff-1.0 -lgstrtp-1.0 -lgstrtsp-1.0 -lgstsdp-1.0 -lgsttag-1.0 -lgstvideo-1.0 -lgthread-2.0 -lgtk-3 -lharfbuzz -ljpeg -lltdl -lmount -lopencv_calib3d -lopencv_core -lopencv_dnn -lopencv_features2d -lopencv_flann -lopencv_highgui -lopencv_imgcodecs -lopencv_imgproc -lopencv_ml -lopencv_objdetect -lopencv_photo -lopencv_shape -lopencv_stitching -lopencv_superres -lopencv_video -lopencv_videoio -lopencv_videostab -lpango-1.0 -lpangocairo-1.0 -lpangoft2-1.0 -lpcre -lpcrecpp -lpcreposix -lpixbufloader-ani -lpixbufloader-bmp -lpixbufloader-gif -lpixbufloader-icns -lpixbufloader-ico -lpixbufloader-jpeg -lpixbufloader-png -lpixbufloader-pnm -lpixbufloader-qtif -lpixbufloader-tga -lpixbufloader-tiff -lpixbufloader-xbm -lpixbufloader-xpm -lpixman-1 -lpng16 -lpostproc -lprintbackend-file -lprintbackend-lpr -lswresample -lswscale -ltiff -ltiffxx -lusb-1.0 -luuid -lX11 -lX11-xcb -lx264 -lXau -lxcb -lxcb-composite -lxcb-damage -lxcb-dpms -lxcb-dri2 -lxcb-dri3 -lxcb-glx -lxcb-present -lxcb-randr -lxcb-record -lxcb-render -lxcb-res -lxcb-screensaver -lxcb-shape -lxcb-shm -lxcb-sync -lxcb-xf86dri -lxcb-xfixes -lxcb-xinerama -lxcb-xinput -lxcb-xkb -lxcb-xtest -lxcb-xv -lxcb-xvmc -lXcursor -lXext -lXfixes -lXi -lxml2 -lXrender -lxvidcore -lz
'Finished building target: FlowDetect.elf'
' '
'Invoking: ARM Linux Print Size'
arm-xilinx-linux-gnueabi-size FlowDetect.elf  |tee "FlowDetect.elf.size"
   text	   data	    bss	    dec	    hex	filename
 334746	   3748	202060116	202398610	c105b92	FlowDetect.elf
'Finished building: FlowDetect.elf.size'
' '
16:56:26 **** Incremental Build of configuration Debug for project FlowDetect ****
make all 
make: Nothing to be done for `all'.
