14:10:12 **** Auto Build of configuration Debug for project opencv.test.sample ****
make all 
'Building file: ../src/hough_test.c'
'Invoking: ARM Linux gcc compiler'
arm-xilinx-linux-gnueabi-g++ -Wall -O0 -g3 -I"V:\opencv_3.3.0.arm.linux\include" -I"D:\sjts_flame_monitoring\source\vision.board.flame.monitoring\video_diagnosis.sdk\opencv.test.sample\src" -c -fmessage-length=0 -MT"src/hough_test.o" -MMD -MP -MF"src/hough_test.d" -MT"src/hough_test.d" -o "src/hough_test.o" "../src/hough_test.c"
../src/hough_test.c:2:0: warning: "_GNU_SOURCE" redefined
 #define _GNU_SOURCE
 ^
<command-line>:0:0: note: this is the location of the previous definition
In file included from d:\software\xilinx\install\sdk\2015.4\gnu\arm\nt\arm-xilinx-linux-gnueabi\libc\usr\include\assert.h:35:0,
                 from ../src/hough_test.c:4:
d:\software\xilinx\install\sdk\2015.4\gnu\arm\nt\arm-xilinx-linux-gnueabi\libc\usr\include\features.h:148:3: warning: #warning "_BSD_SOURCE and _SVID_SOURCE are deprecated, use _DEFAULT_SOURCE" [-Wcpp]
 # warning "_BSD_SOURCE and _SVID_SOURCE are deprecated, use _DEFAULT_SOURCE"
   ^
../src/hough_test.c: In function 'int main(int, char**)':
../src/hough_test.c:194:22: warning: unused variable 'len' [-Wunused-variable]
                  int len = recv(sock_cli, recvbuf, sizeof(recvbuf),0);
                      ^
'Finished building: ../src/hough_test.c'
' '
'Building target: opencv.test.sample.elf'
'Invoking: ARM Linux gcc linker'
arm-xilinx-linux-gnueabi-g++ -s -L"V:\opencv_3.3.0.arm.linux\lib" -L"V:\opencv_3.3.0.arm.linux\lib\gstreamer-1.0" -L"V:\opencv_3.3.0.arm.linux\lib\gtk-3.0\3.0.0\printbackends" -L"V:\opencv_3.3.0.arm.linux\lib\gdk-pixbuf-2.0\2.10.0\loaders" -L"V:\opencv_3.3.0.arm.linux\lib\cairo" -o "opencv.test.sample.elf"  ./src/hough_test.o   -lpthread -lrt -lm -lasprintf -latk-1.0 -lavcodec -lavdevice -lavfilter -lavformat -lavutil -lblkid -lcairo -lcairo-gobject -lcairo-script-interpreter -lcairo-trace -ldc1394 -lexif -lffi -lfontconfig -lfreetype -lfribidi -lgailutil-3 -lgdk_pixbuf-2.0 -lgdk-3 -lgettextlib-0.19.8 -lgettextpo -lgettextsrc-0.19.8 -lgio-2.0 -lglib-2.0 -lgmodule-2.0 -lgobject-2.0 -lgphoto2 -lgphoto2_port -lgstallocators-1.0 -lgstapp-1.0 -lgstaudio-1.0 -lgstbase-1.0 -lgstcheck-1.0 -lgstcontroller-1.0 -lgstcoreelements -lgstcoretracers -lgstfft-1.0 -lgstnet-1.0 -lgstpbutils-1.0 -lgstreamer-1.0 -lgstriff-1.0 -lgstrtp-1.0 -lgstrtsp-1.0 -lgstsdp-1.0 -lgsttag-1.0 -lgstvideo-1.0 -lgthread-2.0 -lgtk-3 -lharfbuzz -ljpeg -lltdl -lmount -lopencv_calib3d -lopencv_core -lopencv_dnn -lopencv_features2d -lopencv_flann -lopencv_highgui -lopencv_imgcodecs -lopencv_imgproc -lopencv_ml -lopencv_objdetect -lopencv_photo -lopencv_shape -lopencv_stitching -lopencv_superres -lopencv_video -lopencv_videoio -lopencv_videostab -lpango-1.0 -lpangocairo-1.0 -lpangoft2-1.0 -lpcre -lpcrecpp -lpcreposix -lpixbufloader-ani -lpixbufloader-bmp -lpixbufloader-gif -lpixbufloader-icns -lpixbufloader-ico -lpixbufloader-jpeg -lpixbufloader-png -lpixbufloader-pnm -lpixbufloader-qtif -lpixbufloader-tga -lpixbufloader-tiff -lpixbufloader-xbm -lpixbufloader-xpm -lpixman-1 -lpng16 -lpostproc -lprintbackend-file -lprintbackend-lpr -lswresample -lswscale -ltiff -ltiffxx -lusb-1.0 -luuid -lX11 -lX11-xcb -lx264 -lXau -lxcb -lxcb-composite -lxcb-damage -lxcb-dpms -lxcb-dri2 -lxcb-dri3 -lxcb-glx -lxcb-present -lxcb-randr -lxcb-record -lxcb-render -lxcb-res -lxcb-screensaver -lxcb-shape -lxcb-shm -lxcb-sync -lxcb-xf86dri -lxcb-xfixes -lxcb-xinerama -lxcb-xinput -lxcb-xkb -lxcb-xtest -lxcb-xv -lxcb-xvmc -lXcursor -lXext -lXfixes -lXi -lxml2 -lXrender -lxvidcore -lz
'Finished building target: opencv.test.sample.elf'
' '
'Invoking: ARM Linux Print Size'
arm-xilinx-linux-gnueabi-size opencv.test.sample.elf  |tee "opencv.test.sample.elf.size"
   text	   data	    bss	    dec	    hex	filename
  35410	   1600	    408	  37418	   922a	opencv.test.sample.elf
'Finished building: opencv.test.sample.elf.size'
' '

14:10:15 Build Finished (took 2s.982ms)

